Archive member included to satisfy reference by file (symbol)

c:/program files (x86)/atollic/truestudio for stm32 9.3.0/armtools/bin/../lib/gcc/arm-atollic-eabi/6.3.1/../../../../arm-atollic-eabi/lib/armv7e-m/fpu\libc_nano.a(lib_a-errno.o)
                              Src\syscalls.o (__errno)
c:/program files (x86)/atollic/truestudio for stm32 9.3.0/armtools/bin/../lib/gcc/arm-atollic-eabi/6.3.1/../../../../arm-atollic-eabi/lib/armv7e-m/fpu\libc_nano.a(lib_a-impure.o)
                              c:/program files (x86)/atollic/truestudio for stm32 9.3.0/armtools/bin/../lib/gcc/arm-atollic-eabi/6.3.1/../../../../arm-atollic-eabi/lib/armv7e-m/fpu\libc_nano.a(lib_a-errno.o) (_impure_ptr)
c:/program files (x86)/atollic/truestudio for stm32 9.3.0/armtools/bin/../lib/gcc/arm-atollic-eabi/6.3.1/../../../../arm-atollic-eabi/lib/armv7e-m/fpu\libc_nano.a(lib_a-init.o)
                              startup\startup_stm32f303xe.o (__libc_init_array)
c:/program files (x86)/atollic/truestudio for stm32 9.3.0/armtools/bin/../lib/gcc/arm-atollic-eabi/6.3.1/../../../../arm-atollic-eabi/lib/armv7e-m/fpu\libc_nano.a(lib_a-memset.o)
                              Src\main.o (memset)

Allocating common symbols
Common symbol       size              file

hcan                0x28              Src\main.o
uwTick              0x4               Drivers\STM32F3xx_HAL_Driver\Src\stm32f3xx_hal.o
pFlash              0x20              Drivers\STM32F3xx_HAL_Driver\Src\stm32f3xx_hal_flash.o
TxData              0x8               Src\main.o
TxMailbox           0x4               Src\main.o
RxData              0x8               Src\main.o
huart2              0x70              Src\main.o
TxHeader            0x18              Src\main.o
RxHeader            0x1c              Src\main.o

Discarded input sections

 .text          0x00000000        0x0 c:/program files (x86)/atollic/truestudio for stm32 9.3.0/armtools/bin/../lib/gcc/arm-atollic-eabi/6.3.1/armv7e-m/fpu/crti.o
 .data          0x00000000        0x0 c:/program files (x86)/atollic/truestudio for stm32 9.3.0/armtools/bin/../lib/gcc/arm-atollic-eabi/6.3.1/armv7e-m/fpu/crti.o
 .bss           0x00000000        0x0 c:/program files (x86)/atollic/truestudio for stm32 9.3.0/armtools/bin/../lib/gcc/arm-atollic-eabi/6.3.1/armv7e-m/fpu/crti.o
 .data          0x00000000        0x4 c:/program files (x86)/atollic/truestudio for stm32 9.3.0/armtools/bin/../lib/gcc/arm-atollic-eabi/6.3.1/armv7e-m/fpu/crtbegin.o
 .text          0x00000000        0x0 Drivers\STM32F3xx_HAL_Driver\Src\stm32f3xx_hal.o
 .data          0x00000000        0x0 Drivers\STM32F3xx_HAL_Driver\Src\stm32f3xx_hal.o
 .bss           0x00000000        0x0 Drivers\STM32F3xx_HAL_Driver\Src\stm32f3xx_hal.o
 .text.HAL_DeInit
                0x00000000       0x3c Drivers\STM32F3xx_HAL_Driver\Src\stm32f3xx_hal.o
 .text.HAL_MspInit
                0x00000000        0xe Drivers\STM32F3xx_HAL_Driver\Src\stm32f3xx_hal.o
 .text.HAL_MspDeInit
                0x00000000        0xe Drivers\STM32F3xx_HAL_Driver\Src\stm32f3xx_hal.o
 .text.HAL_GetTickPrio
                0x00000000       0x18 Drivers\STM32F3xx_HAL_Driver\Src\stm32f3xx_hal.o
 .text.HAL_SetTickFreq
                0x00000000       0x40 Drivers\STM32F3xx_HAL_Driver\Src\stm32f3xx_hal.o
 .text.HAL_GetTickFreq
                0x00000000       0x18 Drivers\STM32F3xx_HAL_Driver\Src\stm32f3xx_hal.o
 .text.HAL_SuspendTick
                0x00000000       0x20 Drivers\STM32F3xx_HAL_Driver\Src\stm32f3xx_hal.o
 .text.HAL_ResumeTick
                0x00000000       0x20 Drivers\STM32F3xx_HAL_Driver\Src\stm32f3xx_hal.o
 .text.HAL_GetHalVersion
                0x00000000       0x14 Drivers\STM32F3xx_HAL_Driver\Src\stm32f3xx_hal.o
 .text.HAL_GetREVID
                0x00000000       0x18 Drivers\STM32F3xx_HAL_Driver\Src\stm32f3xx_hal.o
 .text.HAL_GetDEVID
                0x00000000       0x1c Drivers\STM32F3xx_HAL_Driver\Src\stm32f3xx_hal.o
 .text.HAL_GetUIDw0
                0x00000000       0x18 Drivers\STM32F3xx_HAL_Driver\Src\stm32f3xx_hal.o
 .text.HAL_GetUIDw1
                0x00000000       0x18 Drivers\STM32F3xx_HAL_Driver\Src\stm32f3xx_hal.o
 .text.HAL_GetUIDw2
                0x00000000       0x18 Drivers\STM32F3xx_HAL_Driver\Src\stm32f3xx_hal.o
 .text.HAL_DBGMCU_EnableDBGSleepMode
                0x00000000       0x20 Drivers\STM32F3xx_HAL_Driver\Src\stm32f3xx_hal.o
 .text.HAL_DBGMCU_DisableDBGSleepMode
                0x00000000       0x20 Drivers\STM32F3xx_HAL_Driver\Src\stm32f3xx_hal.o
 .text.HAL_DBGMCU_EnableDBGStopMode
                0x00000000       0x20 Drivers\STM32F3xx_HAL_Driver\Src\stm32f3xx_hal.o
 .text.HAL_DBGMCU_DisableDBGStopMode
                0x00000000       0x20 Drivers\STM32F3xx_HAL_Driver\Src\stm32f3xx_hal.o
 .text.HAL_DBGMCU_EnableDBGStandbyMode
                0x00000000       0x20 Drivers\STM32F3xx_HAL_Driver\Src\stm32f3xx_hal.o
 .text.HAL_DBGMCU_DisableDBGStandbyMode
                0x00000000       0x20 Drivers\STM32F3xx_HAL_Driver\Src\stm32f3xx_hal.o
 .text          0x00000000        0x0 Drivers\STM32F3xx_HAL_Driver\Src\stm32f3xx_hal_can.o
 .data          0x00000000        0x0 Drivers\STM32F3xx_HAL_Driver\Src\stm32f3xx_hal_can.o
 .bss           0x00000000        0x0 Drivers\STM32F3xx_HAL_Driver\Src\stm32f3xx_hal_can.o
 .text.HAL_CAN_DeInit
                0x00000000       0x46 Drivers\STM32F3xx_HAL_Driver\Src\stm32f3xx_hal_can.o
 .text.HAL_CAN_MspInit
                0x00000000       0x14 Drivers\STM32F3xx_HAL_Driver\Src\stm32f3xx_hal_can.o
 .text.HAL_CAN_MspDeInit
                0x00000000       0x14 Drivers\STM32F3xx_HAL_Driver\Src\stm32f3xx_hal_can.o
 .text.HAL_CAN_Stop
                0x00000000       0x92 Drivers\STM32F3xx_HAL_Driver\Src\stm32f3xx_hal_can.o
 .text.HAL_CAN_RequestSleep
                0x00000000       0x4a Drivers\STM32F3xx_HAL_Driver\Src\stm32f3xx_hal_can.o
 .text.HAL_CAN_WakeUp
                0x00000000       0x84 Drivers\STM32F3xx_HAL_Driver\Src\stm32f3xx_hal_can.o
 .text.HAL_CAN_IsSleepActive
                0x00000000       0x40 Drivers\STM32F3xx_HAL_Driver\Src\stm32f3xx_hal_can.o
 .text.HAL_CAN_AbortTxRequest
                0x00000000       0x8a Drivers\STM32F3xx_HAL_Driver\Src\stm32f3xx_hal_can.o
 .text.HAL_CAN_GetTxMailboxesFreeLevel
                0x00000000       0x6a Drivers\STM32F3xx_HAL_Driver\Src\stm32f3xx_hal_can.o
 .text.HAL_CAN_IsTxMessagePending
                0x00000000       0x48 Drivers\STM32F3xx_HAL_Driver\Src\stm32f3xx_hal_can.o
 .text.HAL_CAN_GetTxTimestamp
                0x00000000       0x5a Drivers\STM32F3xx_HAL_Driver\Src\stm32f3xx_hal_can.o
 .text.HAL_CAN_GetRxFifoFillLevel
                0x00000000       0x50 Drivers\STM32F3xx_HAL_Driver\Src\stm32f3xx_hal_can.o
 .text.HAL_CAN_DeactivateNotification
                0x00000000       0x4e Drivers\STM32F3xx_HAL_Driver\Src\stm32f3xx_hal_can.o
 .text.HAL_CAN_RxFifo0MsgPendingCallback
                0x00000000       0x14 Drivers\STM32F3xx_HAL_Driver\Src\stm32f3xx_hal_can.o
 .text.HAL_CAN_GetState
                0x00000000       0x50 Drivers\STM32F3xx_HAL_Driver\Src\stm32f3xx_hal_can.o
 .text.HAL_CAN_GetError
                0x00000000       0x18 Drivers\STM32F3xx_HAL_Driver\Src\stm32f3xx_hal_can.o
 .text.HAL_CAN_ResetError
                0x00000000       0x46 Drivers\STM32F3xx_HAL_Driver\Src\stm32f3xx_hal_can.o
 .text          0x00000000        0x0 Drivers\STM32F3xx_HAL_Driver\Src\stm32f3xx_hal_cortex.o
 .data          0x00000000        0x0 Drivers\STM32F3xx_HAL_Driver\Src\stm32f3xx_hal_cortex.o
 .bss           0x00000000        0x0 Drivers\STM32F3xx_HAL_Driver\Src\stm32f3xx_hal_cortex.o
 .text.NVIC_DisableIRQ
                0x00000000       0x34 Drivers\STM32F3xx_HAL_Driver\Src\stm32f3xx_hal_cortex.o
 .text.NVIC_GetPendingIRQ
                0x00000000       0x38 Drivers\STM32F3xx_HAL_Driver\Src\stm32f3xx_hal_cortex.o
 .text.NVIC_SetPendingIRQ
                0x00000000       0x34 Drivers\STM32F3xx_HAL_Driver\Src\stm32f3xx_hal_cortex.o
 .text.NVIC_ClearPendingIRQ
                0x00000000       0x34 Drivers\STM32F3xx_HAL_Driver\Src\stm32f3xx_hal_cortex.o
 .text.NVIC_GetActive
                0x00000000       0x38 Drivers\STM32F3xx_HAL_Driver\Src\stm32f3xx_hal_cortex.o
 .text.NVIC_GetPriority
                0x00000000       0x50 Drivers\STM32F3xx_HAL_Driver\Src\stm32f3xx_hal_cortex.o
 .text.NVIC_DecodePriority
                0x00000000       0x6a Drivers\STM32F3xx_HAL_Driver\Src\stm32f3xx_hal_cortex.o
 .text.NVIC_SystemReset
                0x00000000       0x28 Drivers\STM32F3xx_HAL_Driver\Src\stm32f3xx_hal_cortex.o
 .text.HAL_NVIC_DisableIRQ
                0x00000000       0x1c Drivers\STM32F3xx_HAL_Driver\Src\stm32f3xx_hal_cortex.o
 .text.HAL_NVIC_SystemReset
                0x00000000        0xc Drivers\STM32F3xx_HAL_Driver\Src\stm32f3xx_hal_cortex.o
 .text.HAL_MPU_Disable
                0x00000000       0x28 Drivers\STM32F3xx_HAL_Driver\Src\stm32f3xx_hal_cortex.o
 .text.HAL_MPU_Enable
                0x00000000       0x34 Drivers\STM32F3xx_HAL_Driver\Src\stm32f3xx_hal_cortex.o
 .text.HAL_MPU_ConfigRegion
                0x00000000       0x88 Drivers\STM32F3xx_HAL_Driver\Src\stm32f3xx_hal_cortex.o
 .text.HAL_NVIC_GetPriorityGrouping
                0x00000000        0xe Drivers\STM32F3xx_HAL_Driver\Src\stm32f3xx_hal_cortex.o
 .text.HAL_NVIC_GetPriority
                0x00000000       0x2c Drivers\STM32F3xx_HAL_Driver\Src\stm32f3xx_hal_cortex.o
 .text.HAL_NVIC_SetPendingIRQ
                0x00000000       0x1c Drivers\STM32F3xx_HAL_Driver\Src\stm32f3xx_hal_cortex.o
 .text.HAL_NVIC_GetPendingIRQ
                0x00000000       0x1e Drivers\STM32F3xx_HAL_Driver\Src\stm32f3xx_hal_cortex.o
 .text.HAL_NVIC_ClearPendingIRQ
                0x00000000       0x1c Drivers\STM32F3xx_HAL_Driver\Src\stm32f3xx_hal_cortex.o
 .text.HAL_NVIC_GetActive
                0x00000000       0x1e Drivers\STM32F3xx_HAL_Driver\Src\stm32f3xx_hal_cortex.o
 .text.HAL_SYSTICK_CLKSourceConfig
                0x00000000       0x38 Drivers\STM32F3xx_HAL_Driver\Src\stm32f3xx_hal_cortex.o
 .text.HAL_SYSTICK_IRQHandler
                0x00000000        0xc Drivers\STM32F3xx_HAL_Driver\Src\stm32f3xx_hal_cortex.o
 .text.HAL_SYSTICK_Callback
                0x00000000        0xe Drivers\STM32F3xx_HAL_Driver\Src\stm32f3xx_hal_cortex.o
 .text          0x00000000        0x0 Drivers\STM32F3xx_HAL_Driver\Src\stm32f3xx_hal_dma.o
 .data          0x00000000        0x0 Drivers\STM32F3xx_HAL_Driver\Src\stm32f3xx_hal_dma.o
 .bss           0x00000000        0x0 Drivers\STM32F3xx_HAL_Driver\Src\stm32f3xx_hal_dma.o
 .text.HAL_DMA_Init
                0x00000000       0x8e Drivers\STM32F3xx_HAL_Driver\Src\stm32f3xx_hal_dma.o
 .text.HAL_DMA_DeInit
                0x00000000       0x90 Drivers\STM32F3xx_HAL_Driver\Src\stm32f3xx_hal_dma.o
 .text.HAL_DMA_Start
                0x00000000       0x84 Drivers\STM32F3xx_HAL_Driver\Src\stm32f3xx_hal_dma.o
 .text.HAL_DMA_Start_IT
                0x00000000       0xbe Drivers\STM32F3xx_HAL_Driver\Src\stm32f3xx_hal_dma.o
 .text.HAL_DMA_Abort
                0x00000000       0x56 Drivers\STM32F3xx_HAL_Driver\Src\stm32f3xx_hal_dma.o
 .text.HAL_DMA_Abort_IT
                0x00000000       0x7c Drivers\STM32F3xx_HAL_Driver\Src\stm32f3xx_hal_dma.o
 .text.HAL_DMA_PollForTransfer
                0x00000000      0x136 Drivers\STM32F3xx_HAL_Driver\Src\stm32f3xx_hal_dma.o
 .text.HAL_DMA_IRQHandler
                0x00000000      0x146 Drivers\STM32F3xx_HAL_Driver\Src\stm32f3xx_hal_dma.o
 .text.HAL_DMA_RegisterCallback
                0x00000000       0x94 Drivers\STM32F3xx_HAL_Driver\Src\stm32f3xx_hal_dma.o
 .text.HAL_DMA_UnRegisterCallback
                0x00000000       0xac Drivers\STM32F3xx_HAL_Driver\Src\stm32f3xx_hal_dma.o
 .text.HAL_DMA_GetState
                0x00000000       0x1a Drivers\STM32F3xx_HAL_Driver\Src\stm32f3xx_hal_dma.o
 .text.HAL_DMA_GetError
                0x00000000       0x18 Drivers\STM32F3xx_HAL_Driver\Src\stm32f3xx_hal_dma.o
 .text.DMA_SetConfig
                0x00000000       0x5c Drivers\STM32F3xx_HAL_Driver\Src\stm32f3xx_hal_dma.o
 .text.DMA_CalcBaseAndBitshift
                0x00000000       0x78 Drivers\STM32F3xx_HAL_Driver\Src\stm32f3xx_hal_dma.o
 .debug_info    0x00000000      0xfd7 Drivers\STM32F3xx_HAL_Driver\Src\stm32f3xx_hal_dma.o
 .debug_abbrev  0x00000000      0x26a Drivers\STM32F3xx_HAL_Driver\Src\stm32f3xx_hal_dma.o
 .debug_aranges
                0x00000000       0x88 Drivers\STM32F3xx_HAL_Driver\Src\stm32f3xx_hal_dma.o
 .debug_ranges  0x00000000       0x78 Drivers\STM32F3xx_HAL_Driver\Src\stm32f3xx_hal_dma.o
 .debug_line    0x00000000      0x4de Drivers\STM32F3xx_HAL_Driver\Src\stm32f3xx_hal_dma.o
 .debug_str     0x00000000      0xb2a Drivers\STM32F3xx_HAL_Driver\Src\stm32f3xx_hal_dma.o
 .comment       0x00000000       0x7d Drivers\STM32F3xx_HAL_Driver\Src\stm32f3xx_hal_dma.o
 .debug_frame   0x00000000      0x224 Drivers\STM32F3xx_HAL_Driver\Src\stm32f3xx_hal_dma.o
 .ARM.attributes
                0x00000000       0x39 Drivers\STM32F3xx_HAL_Driver\Src\stm32f3xx_hal_dma.o
 .text          0x00000000        0x0 Drivers\STM32F3xx_HAL_Driver\Src\stm32f3xx_hal_flash.o
 .data          0x00000000        0x0 Drivers\STM32F3xx_HAL_Driver\Src\stm32f3xx_hal_flash.o
 .bss           0x00000000        0x0 Drivers\STM32F3xx_HAL_Driver\Src\stm32f3xx_hal_flash.o
 .text.HAL_FLASH_Program
                0x00000000       0xe0 Drivers\STM32F3xx_HAL_Driver\Src\stm32f3xx_hal_flash.o
 .text.HAL_FLASH_Program_IT
                0x00000000       0x90 Drivers\STM32F3xx_HAL_Driver\Src\stm32f3xx_hal_flash.o
 .text.HAL_FLASH_IRQHandler
                0x00000000      0x1c0 Drivers\STM32F3xx_HAL_Driver\Src\stm32f3xx_hal_flash.o
 .text.HAL_FLASH_EndOfOperationCallback
                0x00000000       0x14 Drivers\STM32F3xx_HAL_Driver\Src\stm32f3xx_hal_flash.o
 .text.HAL_FLASH_OperationErrorCallback
                0x00000000       0x14 Drivers\STM32F3xx_HAL_Driver\Src\stm32f3xx_hal_flash.o
 .text.HAL_FLASH_Unlock
                0x00000000       0x4c Drivers\STM32F3xx_HAL_Driver\Src\stm32f3xx_hal_flash.o
 .text.HAL_FLASH_Lock
                0x00000000       0x20 Drivers\STM32F3xx_HAL_Driver\Src\stm32f3xx_hal_flash.o
 .text.HAL_FLASH_OB_Unlock
                0x00000000       0x38 Drivers\STM32F3xx_HAL_Driver\Src\stm32f3xx_hal_flash.o
 .text.HAL_FLASH_OB_Lock
                0x00000000       0x20 Drivers\STM32F3xx_HAL_Driver\Src\stm32f3xx_hal_flash.o
 .text.HAL_FLASH_OB_Launch
                0x00000000       0x24 Drivers\STM32F3xx_HAL_Driver\Src\stm32f3xx_hal_flash.o
 .text.HAL_FLASH_GetError
                0x00000000       0x18 Drivers\STM32F3xx_HAL_Driver\Src\stm32f3xx_hal_flash.o
 .text.FLASH_Program_HalfWord
                0x00000000       0x38 Drivers\STM32F3xx_HAL_Driver\Src\stm32f3xx_hal_flash.o
 .text.FLASH_WaitForLastOperation
                0x00000000       0x80 Drivers\STM32F3xx_HAL_Driver\Src\stm32f3xx_hal_flash.o
 .text.FLASH_SetErrorCode
                0x00000000       0x64 Drivers\STM32F3xx_HAL_Driver\Src\stm32f3xx_hal_flash.o
 .debug_info    0x00000000      0xdbb Drivers\STM32F3xx_HAL_Driver\Src\stm32f3xx_hal_flash.o
 .debug_abbrev  0x00000000      0x2ad Drivers\STM32F3xx_HAL_Driver\Src\stm32f3xx_hal_flash.o
 .debug_aranges
                0x00000000       0x88 Drivers\STM32F3xx_HAL_Driver\Src\stm32f3xx_hal_flash.o
 .debug_ranges  0x00000000       0x78 Drivers\STM32F3xx_HAL_Driver\Src\stm32f3xx_hal_flash.o
 .debug_line    0x00000000      0x48a Drivers\STM32F3xx_HAL_Driver\Src\stm32f3xx_hal_flash.o
 .debug_str     0x00000000      0xa0d Drivers\STM32F3xx_HAL_Driver\Src\stm32f3xx_hal_flash.o
 .comment       0x00000000       0x7d Drivers\STM32F3xx_HAL_Driver\Src\stm32f3xx_hal_flash.o
 .debug_frame   0x00000000      0x214 Drivers\STM32F3xx_HAL_Driver\Src\stm32f3xx_hal_flash.o
 .ARM.attributes
                0x00000000       0x39 Drivers\STM32F3xx_HAL_Driver\Src\stm32f3xx_hal_flash.o
 COMMON         0x00000000       0x20 Drivers\STM32F3xx_HAL_Driver\Src\stm32f3xx_hal_flash.o
 .text          0x00000000        0x0 Drivers\STM32F3xx_HAL_Driver\Src\stm32f3xx_hal_flash_ex.o
 .data          0x00000000        0x0 Drivers\STM32F3xx_HAL_Driver\Src\stm32f3xx_hal_flash_ex.o
 .bss           0x00000000        0x0 Drivers\STM32F3xx_HAL_Driver\Src\stm32f3xx_hal_flash_ex.o
 .text.HAL_FLASHEx_Erase
                0x00000000       0xd4 Drivers\STM32F3xx_HAL_Driver\Src\stm32f3xx_hal_flash_ex.o
 .text.HAL_FLASHEx_Erase_IT
                0x00000000       0x80 Drivers\STM32F3xx_HAL_Driver\Src\stm32f3xx_hal_flash_ex.o
 .text.HAL_FLASHEx_OBErase
                0x00000000       0x84 Drivers\STM32F3xx_HAL_Driver\Src\stm32f3xx_hal_flash_ex.o
 .text.HAL_FLASHEx_OBProgram
                0x00000000       0xf8 Drivers\STM32F3xx_HAL_Driver\Src\stm32f3xx_hal_flash_ex.o
 .text.HAL_FLASHEx_OBGetConfig
                0x00000000       0x38 Drivers\STM32F3xx_HAL_Driver\Src\stm32f3xx_hal_flash_ex.o
 .text.HAL_FLASHEx_OBGetUserData
                0x00000000       0x6c Drivers\STM32F3xx_HAL_Driver\Src\stm32f3xx_hal_flash_ex.o
 .text.FLASH_MassErase
                0x00000000       0x34 Drivers\STM32F3xx_HAL_Driver\Src\stm32f3xx_hal_flash_ex.o
 .text.FLASH_OB_EnableWRP
                0x00000000      0x144 Drivers\STM32F3xx_HAL_Driver\Src\stm32f3xx_hal_flash_ex.o
 .text.FLASH_OB_DisableWRP
                0x00000000      0x140 Drivers\STM32F3xx_HAL_Driver\Src\stm32f3xx_hal_flash_ex.o
 .text.FLASH_OB_RDP_LevelConfig
                0x00000000       0xa0 Drivers\STM32F3xx_HAL_Driver\Src\stm32f3xx_hal_flash_ex.o
 .text.FLASH_OB_UserConfig
                0x00000000       0x70 Drivers\STM32F3xx_HAL_Driver\Src\stm32f3xx_hal_flash_ex.o
 .text.FLASH_OB_ProgramData
                0x00000000       0x68 Drivers\STM32F3xx_HAL_Driver\Src\stm32f3xx_hal_flash_ex.o
 .text.FLASH_OB_GetWRP
                0x00000000       0x18 Drivers\STM32F3xx_HAL_Driver\Src\stm32f3xx_hal_flash_ex.o
 .text.FLASH_OB_GetRDP
                0x00000000       0x3c Drivers\STM32F3xx_HAL_Driver\Src\stm32f3xx_hal_flash_ex.o
 .text.FLASH_OB_GetUser
                0x00000000       0x38 Drivers\STM32F3xx_HAL_Driver\Src\stm32f3xx_hal_flash_ex.o
 .text.FLASH_PageErase
                0x00000000       0x40 Drivers\STM32F3xx_HAL_Driver\Src\stm32f3xx_hal_flash_ex.o
 .debug_info    0x00000000     0x10b0 Drivers\STM32F3xx_HAL_Driver\Src\stm32f3xx_hal_flash_ex.o
 .debug_abbrev  0x00000000      0x311 Drivers\STM32F3xx_HAL_Driver\Src\stm32f3xx_hal_flash_ex.o
 .debug_aranges
                0x00000000       0x98 Drivers\STM32F3xx_HAL_Driver\Src\stm32f3xx_hal_flash_ex.o
 .debug_ranges  0x00000000       0x88 Drivers\STM32F3xx_HAL_Driver\Src\stm32f3xx_hal_flash_ex.o
 .debug_line    0x00000000      0x54a Drivers\STM32F3xx_HAL_Driver\Src\stm32f3xx_hal_flash_ex.o
 .debug_str     0x00000000      0xb3e Drivers\STM32F3xx_HAL_Driver\Src\stm32f3xx_hal_flash_ex.o
 .comment       0x00000000       0x7d Drivers\STM32F3xx_HAL_Driver\Src\stm32f3xx_hal_flash_ex.o
 .debug_frame   0x00000000      0x258 Drivers\STM32F3xx_HAL_Driver\Src\stm32f3xx_hal_flash_ex.o
 .ARM.attributes
                0x00000000       0x39 Drivers\STM32F3xx_HAL_Driver\Src\stm32f3xx_hal_flash_ex.o
 .text          0x00000000        0x0 Drivers\STM32F3xx_HAL_Driver\Src\stm32f3xx_hal_gpio.o
 .data          0x00000000        0x0 Drivers\STM32F3xx_HAL_Driver\Src\stm32f3xx_hal_gpio.o
 .bss           0x00000000        0x0 Drivers\STM32F3xx_HAL_Driver\Src\stm32f3xx_hal_gpio.o
 .text.HAL_GPIO_DeInit
                0x00000000      0x1dc Drivers\STM32F3xx_HAL_Driver\Src\stm32f3xx_hal_gpio.o
 .text.HAL_GPIO_ReadPin
                0x00000000       0x30 Drivers\STM32F3xx_HAL_Driver\Src\stm32f3xx_hal_gpio.o
 .text.HAL_GPIO_LockPin
                0x00000000       0x50 Drivers\STM32F3xx_HAL_Driver\Src\stm32f3xx_hal_gpio.o
 .text.HAL_GPIO_EXTI_Callback
                0x00000000       0x16 Drivers\STM32F3xx_HAL_Driver\Src\stm32f3xx_hal_gpio.o
 .text          0x00000000        0x0 Drivers\STM32F3xx_HAL_Driver\Src\stm32f3xx_hal_i2c.o
 .data          0x00000000        0x0 Drivers\STM32F3xx_HAL_Driver\Src\stm32f3xx_hal_i2c.o
 .bss           0x00000000        0x0 Drivers\STM32F3xx_HAL_Driver\Src\stm32f3xx_hal_i2c.o
 .text.HAL_I2C_Init
                0x00000000      0x11c Drivers\STM32F3xx_HAL_Driver\Src\stm32f3xx_hal_i2c.o
 .text.HAL_I2C_DeInit
                0x00000000       0x5e Drivers\STM32F3xx_HAL_Driver\Src\stm32f3xx_hal_i2c.o
 .text.HAL_I2C_MspInit
                0x00000000       0x14 Drivers\STM32F3xx_HAL_Driver\Src\stm32f3xx_hal_i2c.o
 .text.HAL_I2C_MspDeInit
                0x00000000       0x14 Drivers\STM32F3xx_HAL_Driver\Src\stm32f3xx_hal_i2c.o
 .text.HAL_I2C_Master_Transmit
                0x00000000      0x200 Drivers\STM32F3xx_HAL_Driver\Src\stm32f3xx_hal_i2c.o
 .text.HAL_I2C_Master_Receive
                0x00000000      0x204 Drivers\STM32F3xx_HAL_Driver\Src\stm32f3xx_hal_i2c.o
 .text.HAL_I2C_Slave_Transmit
                0x00000000      0x216 Drivers\STM32F3xx_HAL_Driver\Src\stm32f3xx_hal_i2c.o
 .text.HAL_I2C_Slave_Receive
                0x00000000      0x20a Drivers\STM32F3xx_HAL_Driver\Src\stm32f3xx_hal_i2c.o
 .text.HAL_I2C_Master_Transmit_IT
                0x00000000       0xe4 Drivers\STM32F3xx_HAL_Driver\Src\stm32f3xx_hal_i2c.o
 .text.HAL_I2C_Master_Receive_IT
                0x00000000       0xe4 Drivers\STM32F3xx_HAL_Driver\Src\stm32f3xx_hal_i2c.o
 .text.HAL_I2C_Slave_Transmit_IT
                0x00000000       0xa0 Drivers\STM32F3xx_HAL_Driver\Src\stm32f3xx_hal_i2c.o
 .text.HAL_I2C_Slave_Receive_IT
                0x00000000       0xa0 Drivers\STM32F3xx_HAL_Driver\Src\stm32f3xx_hal_i2c.o
 .text.HAL_I2C_Master_Transmit_DMA
                0x00000000      0x180 Drivers\STM32F3xx_HAL_Driver\Src\stm32f3xx_hal_i2c.o
 .text.HAL_I2C_Master_Receive_DMA
                0x00000000      0x180 Drivers\STM32F3xx_HAL_Driver\Src\stm32f3xx_hal_i2c.o
 .text.HAL_I2C_Slave_Transmit_DMA
                0x00000000       0xfc Drivers\STM32F3xx_HAL_Driver\Src\stm32f3xx_hal_i2c.o
 .text.HAL_I2C_Slave_Receive_DMA
                0x00000000       0xfc Drivers\STM32F3xx_HAL_Driver\Src\stm32f3xx_hal_i2c.o
 .text.HAL_I2C_Mem_Write
                0x00000000      0x24c Drivers\STM32F3xx_HAL_Driver\Src\stm32f3xx_hal_i2c.o
 .text.HAL_I2C_Mem_Read
                0x00000000      0x24c Drivers\STM32F3xx_HAL_Driver\Src\stm32f3xx_hal_i2c.o
 .text.HAL_I2C_Mem_Write_IT
                0x00000000      0x13c Drivers\STM32F3xx_HAL_Driver\Src\stm32f3xx_hal_i2c.o
 .text.HAL_I2C_Mem_Read_IT
                0x00000000      0x140 Drivers\STM32F3xx_HAL_Driver\Src\stm32f3xx_hal_i2c.o
 .text.HAL_I2C_Mem_Write_DMA
                0x00000000      0x19c Drivers\STM32F3xx_HAL_Driver\Src\stm32f3xx_hal_i2c.o
 .text.HAL_I2C_Mem_Read_DMA
                0x00000000      0x1a0 Drivers\STM32F3xx_HAL_Driver\Src\stm32f3xx_hal_i2c.o
 .text.HAL_I2C_IsDeviceReady
                0x00000000      0x1bc Drivers\STM32F3xx_HAL_Driver\Src\stm32f3xx_hal_i2c.o
 .text.HAL_I2C_Master_Sequential_Transmit_IT
                0x00000000       0xdc Drivers\STM32F3xx_HAL_Driver\Src\stm32f3xx_hal_i2c.o
 .text.HAL_I2C_Master_Sequential_Receive_IT
                0x00000000       0xdc Drivers\STM32F3xx_HAL_Driver\Src\stm32f3xx_hal_i2c.o
 .text.HAL_I2C_Slave_Sequential_Transmit_IT
                0x00000000       0xe4 Drivers\STM32F3xx_HAL_Driver\Src\stm32f3xx_hal_i2c.o
 .text.HAL_I2C_Slave_Sequential_Receive_IT
                0x00000000       0xe4 Drivers\STM32F3xx_HAL_Driver\Src\stm32f3xx_hal_i2c.o
 .text.HAL_I2C_EnableListen_IT
                0x00000000       0x3c Drivers\STM32F3xx_HAL_Driver\Src\stm32f3xx_hal_i2c.o
 .text.HAL_I2C_DisableListen_IT
                0x00000000       0x60 Drivers\STM32F3xx_HAL_Driver\Src\stm32f3xx_hal_i2c.o
 .text.HAL_I2C_Master_Abort_IT
                0x00000000       0x7c Drivers\STM32F3xx_HAL_Driver\Src\stm32f3xx_hal_i2c.o
 .text.HAL_I2C_EV_IRQHandler
                0x00000000       0x34 Drivers\STM32F3xx_HAL_Driver\Src\stm32f3xx_hal_i2c.o
 .text.HAL_I2C_ER_IRQHandler
                0x00000000       0xb6 Drivers\STM32F3xx_HAL_Driver\Src\stm32f3xx_hal_i2c.o
 .text.HAL_I2C_MasterTxCpltCallback
                0x00000000       0x14 Drivers\STM32F3xx_HAL_Driver\Src\stm32f3xx_hal_i2c.o
 .text.HAL_I2C_MasterRxCpltCallback
                0x00000000       0x14 Drivers\STM32F3xx_HAL_Driver\Src\stm32f3xx_hal_i2c.o
 .text.HAL_I2C_SlaveTxCpltCallback
                0x00000000       0x14 Drivers\STM32F3xx_HAL_Driver\Src\stm32f3xx_hal_i2c.o
 .text.HAL_I2C_SlaveRxCpltCallback
                0x00000000       0x14 Drivers\STM32F3xx_HAL_Driver\Src\stm32f3xx_hal_i2c.o
 .text.HAL_I2C_AddrCallback
                0x00000000       0x1c Drivers\STM32F3xx_HAL_Driver\Src\stm32f3xx_hal_i2c.o
 .text.HAL_I2C_ListenCpltCallback
                0x00000000       0x14 Drivers\STM32F3xx_HAL_Driver\Src\stm32f3xx_hal_i2c.o
 .text.HAL_I2C_MemTxCpltCallback
                0x00000000       0x14 Drivers\STM32F3xx_HAL_Driver\Src\stm32f3xx_hal_i2c.o
 .text.HAL_I2C_MemRxCpltCallback
                0x00000000       0x14 Drivers\STM32F3xx_HAL_Driver\Src\stm32f3xx_hal_i2c.o
 .text.HAL_I2C_ErrorCallback
                0x00000000       0x14 Drivers\STM32F3xx_HAL_Driver\Src\stm32f3xx_hal_i2c.o
 .text.HAL_I2C_AbortCpltCallback
                0x00000000       0x14 Drivers\STM32F3xx_HAL_Driver\Src\stm32f3xx_hal_i2c.o
 .text.HAL_I2C_GetState
                0x00000000       0x1c Drivers\STM32F3xx_HAL_Driver\Src\stm32f3xx_hal_i2c.o
 .text.HAL_I2C_GetMode
                0x00000000       0x1c Drivers\STM32F3xx_HAL_Driver\Src\stm32f3xx_hal_i2c.o
 .text.HAL_I2C_GetError
                0x00000000       0x18 Drivers\STM32F3xx_HAL_Driver\Src\stm32f3xx_hal_i2c.o
 .text.I2C_Master_ISR_IT
                0x00000000      0x22a Drivers\STM32F3xx_HAL_Driver\Src\stm32f3xx_hal_i2c.o
 .text.I2C_Slave_ISR_IT
                0x00000000      0x1d4 Drivers\STM32F3xx_HAL_Driver\Src\stm32f3xx_hal_i2c.o
 .text.I2C_Master_ISR_DMA
                0x00000000      0x154 Drivers\STM32F3xx_HAL_Driver\Src\stm32f3xx_hal_i2c.o
 .text.I2C_Slave_ISR_DMA
                0x00000000       0xd8 Drivers\STM32F3xx_HAL_Driver\Src\stm32f3xx_hal_i2c.o
 .text.I2C_RequestMemoryWrite
                0x00000000       0xc0 Drivers\STM32F3xx_HAL_Driver\Src\stm32f3xx_hal_i2c.o
 .text.I2C_RequestMemoryRead
                0x00000000       0xc0 Drivers\STM32F3xx_HAL_Driver\Src\stm32f3xx_hal_i2c.o
 .text.I2C_ITAddrCplt
                0x00000000      0x114 Drivers\STM32F3xx_HAL_Driver\Src\stm32f3xx_hal_i2c.o
 .text.I2C_ITMasterSequentialCplt
                0x00000000       0x7a Drivers\STM32F3xx_HAL_Driver\Src\stm32f3xx_hal_i2c.o
 .text.I2C_ITSlaveSequentialCplt
                0x00000000       0x7a Drivers\STM32F3xx_HAL_Driver\Src\stm32f3xx_hal_i2c.o
 .text.I2C_ITMasterCplt
                0x00000000      0x130 Drivers\STM32F3xx_HAL_Driver\Src\stm32f3xx_hal_i2c.o
 .text.I2C_ITSlaveCplt
                0x00000000      0x1a0 Drivers\STM32F3xx_HAL_Driver\Src\stm32f3xx_hal_i2c.o
 .text.I2C_ITListenCplt
                0x00000000       0xa4 Drivers\STM32F3xx_HAL_Driver\Src\stm32f3xx_hal_i2c.o
 .text.I2C_ITError
                0x00000000      0x17c Drivers\STM32F3xx_HAL_Driver\Src\stm32f3xx_hal_i2c.o
 .text.I2C_Flush_TXDR
                0x00000000       0x48 Drivers\STM32F3xx_HAL_Driver\Src\stm32f3xx_hal_i2c.o
 .text.I2C_DMAMasterTransmitCplt
                0x00000000       0x86 Drivers\STM32F3xx_HAL_Driver\Src\stm32f3xx_hal_i2c.o
 .text.I2C_DMASlaveTransmitCplt
                0x00000000       0x14 Drivers\STM32F3xx_HAL_Driver\Src\stm32f3xx_hal_i2c.o
 .text.I2C_DMAMasterReceiveCplt
                0x00000000       0x86 Drivers\STM32F3xx_HAL_Driver\Src\stm32f3xx_hal_i2c.o
 .text.I2C_DMASlaveReceiveCplt
                0x00000000       0x14 Drivers\STM32F3xx_HAL_Driver\Src\stm32f3xx_hal_i2c.o
 .text.I2C_DMAError
                0x00000000       0x2e Drivers\STM32F3xx_HAL_Driver\Src\stm32f3xx_hal_i2c.o
 .text.I2C_DMAAbort
                0x00000000       0x58 Drivers\STM32F3xx_HAL_Driver\Src\stm32f3xx_hal_i2c.o
 .text.I2C_WaitOnFlagUntilTimeout
                0x00000000       0x74 Drivers\STM32F3xx_HAL_Driver\Src\stm32f3xx_hal_i2c.o
 .text.I2C_WaitOnTXISFlagUntilTimeout
                0x00000000       0x80 Drivers\STM32F3xx_HAL_Driver\Src\stm32f3xx_hal_i2c.o
 .text.I2C_WaitOnSTOPFlagUntilTimeout
                0x00000000       0x78 Drivers\STM32F3xx_HAL_Driver\Src\stm32f3xx_hal_i2c.o
 .text.I2C_WaitOnRXNEFlagUntilTimeout
                0x00000000       0xd8 Drivers\STM32F3xx_HAL_Driver\Src\stm32f3xx_hal_i2c.o
 .text.I2C_IsAcknowledgeFailed
                0x00000000       0xbc Drivers\STM32F3xx_HAL_Driver\Src\stm32f3xx_hal_i2c.o
 .text.I2C_TransferConfig
                0x00000000       0x58 Drivers\STM32F3xx_HAL_Driver\Src\stm32f3xx_hal_i2c.o
 .text.I2C_Enable_IRQ
                0x00000000       0xdc Drivers\STM32F3xx_HAL_Driver\Src\stm32f3xx_hal_i2c.o
 .text.I2C_Disable_IRQ
                0x00000000       0xcc Drivers\STM32F3xx_HAL_Driver\Src\stm32f3xx_hal_i2c.o
 .debug_info    0x00000000     0x2417 Drivers\STM32F3xx_HAL_Driver\Src\stm32f3xx_hal_i2c.o
 .debug_abbrev  0x00000000      0x2a5 Drivers\STM32F3xx_HAL_Driver\Src\stm32f3xx_hal_i2c.o
 .debug_aranges
                0x00000000      0x260 Drivers\STM32F3xx_HAL_Driver\Src\stm32f3xx_hal_i2c.o
 .debug_ranges  0x00000000      0x250 Drivers\STM32F3xx_HAL_Driver\Src\stm32f3xx_hal_i2c.o
 .debug_line    0x00000000     0x1383 Drivers\STM32F3xx_HAL_Driver\Src\stm32f3xx_hal_i2c.o
 .debug_str     0x00000000     0x1355 Drivers\STM32F3xx_HAL_Driver\Src\stm32f3xx_hal_i2c.o
 .comment       0x00000000       0x7d Drivers\STM32F3xx_HAL_Driver\Src\stm32f3xx_hal_i2c.o
 .debug_frame   0x00000000      0xafc Drivers\STM32F3xx_HAL_Driver\Src\stm32f3xx_hal_i2c.o
 .ARM.attributes
                0x00000000       0x39 Drivers\STM32F3xx_HAL_Driver\Src\stm32f3xx_hal_i2c.o
 .text          0x00000000        0x0 Drivers\STM32F3xx_HAL_Driver\Src\stm32f3xx_hal_i2c_ex.o
 .data          0x00000000        0x0 Drivers\STM32F3xx_HAL_Driver\Src\stm32f3xx_hal_i2c_ex.o
 .bss           0x00000000        0x0 Drivers\STM32F3xx_HAL_Driver\Src\stm32f3xx_hal_i2c_ex.o
 .text.HAL_I2CEx_ConfigAnalogFilter
                0x00000000       0x96 Drivers\STM32F3xx_HAL_Driver\Src\stm32f3xx_hal_i2c_ex.o
 .text.HAL_I2CEx_ConfigDigitalFilter
                0x00000000       0x9c Drivers\STM32F3xx_HAL_Driver\Src\stm32f3xx_hal_i2c_ex.o
 .text.HAL_I2CEx_EnableWakeUp
                0x00000000       0x84 Drivers\STM32F3xx_HAL_Driver\Src\stm32f3xx_hal_i2c_ex.o
 .text.HAL_I2CEx_DisableWakeUp
                0x00000000       0x84 Drivers\STM32F3xx_HAL_Driver\Src\stm32f3xx_hal_i2c_ex.o
 .text.HAL_I2CEx_EnableFastModePlus
                0x00000000       0x40 Drivers\STM32F3xx_HAL_Driver\Src\stm32f3xx_hal_i2c_ex.o
 .text.HAL_I2CEx_DisableFastModePlus
                0x00000000       0x44 Drivers\STM32F3xx_HAL_Driver\Src\stm32f3xx_hal_i2c_ex.o
 .debug_info    0x00000000     0x11a1 Drivers\STM32F3xx_HAL_Driver\Src\stm32f3xx_hal_i2c_ex.o
 .debug_abbrev  0x00000000      0x21a Drivers\STM32F3xx_HAL_Driver\Src\stm32f3xx_hal_i2c_ex.o
 .debug_aranges
                0x00000000       0x48 Drivers\STM32F3xx_HAL_Driver\Src\stm32f3xx_hal_i2c_ex.o
 .debug_ranges  0x00000000       0x38 Drivers\STM32F3xx_HAL_Driver\Src\stm32f3xx_hal_i2c_ex.o
 .debug_line    0x00000000      0x415 Drivers\STM32F3xx_HAL_Driver\Src\stm32f3xx_hal_i2c_ex.o
 .debug_str     0x00000000      0xd73 Drivers\STM32F3xx_HAL_Driver\Src\stm32f3xx_hal_i2c_ex.o
 .comment       0x00000000       0x7d Drivers\STM32F3xx_HAL_Driver\Src\stm32f3xx_hal_i2c_ex.o
 .debug_frame   0x00000000      0x100 Drivers\STM32F3xx_HAL_Driver\Src\stm32f3xx_hal_i2c_ex.o
 .ARM.attributes
                0x00000000       0x39 Drivers\STM32F3xx_HAL_Driver\Src\stm32f3xx_hal_i2c_ex.o
 .text          0x00000000        0x0 Drivers\STM32F3xx_HAL_Driver\Src\stm32f3xx_hal_pwr.o
 .data          0x00000000        0x0 Drivers\STM32F3xx_HAL_Driver\Src\stm32f3xx_hal_pwr.o
 .bss           0x00000000        0x0 Drivers\STM32F3xx_HAL_Driver\Src\stm32f3xx_hal_pwr.o
 .text.HAL_PWR_DeInit
                0x00000000       0x2c Drivers\STM32F3xx_HAL_Driver\Src\stm32f3xx_hal_pwr.o
 .text.HAL_PWR_EnableBkUpAccess
                0x00000000       0x20 Drivers\STM32F3xx_HAL_Driver\Src\stm32f3xx_hal_pwr.o
 .text.HAL_PWR_DisableBkUpAccess
                0x00000000       0x20 Drivers\STM32F3xx_HAL_Driver\Src\stm32f3xx_hal_pwr.o
 .text.HAL_PWR_EnableWakeUpPin
                0x00000000       0x24 Drivers\STM32F3xx_HAL_Driver\Src\stm32f3xx_hal_pwr.o
 .text.HAL_PWR_DisableWakeUpPin
                0x00000000       0x28 Drivers\STM32F3xx_HAL_Driver\Src\stm32f3xx_hal_pwr.o
 .text.HAL_PWR_EnterSLEEPMode
                0x00000000       0x38 Drivers\STM32F3xx_HAL_Driver\Src\stm32f3xx_hal_pwr.o
 .text.HAL_PWR_EnterSTOPMode
                0x00000000       0x68 Drivers\STM32F3xx_HAL_Driver\Src\stm32f3xx_hal_pwr.o
 .text.HAL_PWR_EnterSTANDBYMode
                0x00000000       0x30 Drivers\STM32F3xx_HAL_Driver\Src\stm32f3xx_hal_pwr.o
 .text.HAL_PWR_EnableSleepOnExit
                0x00000000       0x20 Drivers\STM32F3xx_HAL_Driver\Src\stm32f3xx_hal_pwr.o
 .text.HAL_PWR_DisableSleepOnExit
                0x00000000       0x20 Drivers\STM32F3xx_HAL_Driver\Src\stm32f3xx_hal_pwr.o
 .text.HAL_PWR_EnableSEVOnPend
                0x00000000       0x20 Drivers\STM32F3xx_HAL_Driver\Src\stm32f3xx_hal_pwr.o
 .text.HAL_PWR_DisableSEVOnPend
                0x00000000       0x20 Drivers\STM32F3xx_HAL_Driver\Src\stm32f3xx_hal_pwr.o
 .debug_info    0x00000000      0xe1b Drivers\STM32F3xx_HAL_Driver\Src\stm32f3xx_hal_pwr.o
 .debug_abbrev  0x00000000      0x20b Drivers\STM32F3xx_HAL_Driver\Src\stm32f3xx_hal_pwr.o
 .debug_aranges
                0x00000000       0x78 Drivers\STM32F3xx_HAL_Driver\Src\stm32f3xx_hal_pwr.o
 .debug_ranges  0x00000000       0x68 Drivers\STM32F3xx_HAL_Driver\Src\stm32f3xx_hal_pwr.o
 .debug_line    0x00000000      0x3a9 Drivers\STM32F3xx_HAL_Driver\Src\stm32f3xx_hal_pwr.o
 .debug_str     0x00000000      0x8f7 Drivers\STM32F3xx_HAL_Driver\Src\stm32f3xx_hal_pwr.o
 .comment       0x00000000       0x7d Drivers\STM32F3xx_HAL_Driver\Src\stm32f3xx_hal_pwr.o
 .debug_frame   0x00000000      0x1b0 Drivers\STM32F3xx_HAL_Driver\Src\stm32f3xx_hal_pwr.o
 .ARM.attributes
                0x00000000       0x39 Drivers\STM32F3xx_HAL_Driver\Src\stm32f3xx_hal_pwr.o
 .text          0x00000000        0x0 Drivers\STM32F3xx_HAL_Driver\Src\stm32f3xx_hal_pwr_ex.o
 .data          0x00000000        0x0 Drivers\STM32F3xx_HAL_Driver\Src\stm32f3xx_hal_pwr_ex.o
 .bss           0x00000000        0x0 Drivers\STM32F3xx_HAL_Driver\Src\stm32f3xx_hal_pwr_ex.o
 .text.HAL_PWR_ConfigPVD
                0x00000000       0xc0 Drivers\STM32F3xx_HAL_Driver\Src\stm32f3xx_hal_pwr_ex.o
 .text.HAL_PWR_EnablePVD
                0x00000000       0x20 Drivers\STM32F3xx_HAL_Driver\Src\stm32f3xx_hal_pwr_ex.o
 .text.HAL_PWR_DisablePVD
                0x00000000       0x20 Drivers\STM32F3xx_HAL_Driver\Src\stm32f3xx_hal_pwr_ex.o
 .text.HAL_PWR_PVD_IRQHandler
                0x00000000       0x24 Drivers\STM32F3xx_HAL_Driver\Src\stm32f3xx_hal_pwr_ex.o
 .text.HAL_PWR_PVDCallback
                0x00000000        0xe Drivers\STM32F3xx_HAL_Driver\Src\stm32f3xx_hal_pwr_ex.o
 .debug_info    0x00000000      0xb35 Drivers\STM32F3xx_HAL_Driver\Src\stm32f3xx_hal_pwr_ex.o
 .debug_abbrev  0x00000000      0x1e7 Drivers\STM32F3xx_HAL_Driver\Src\stm32f3xx_hal_pwr_ex.o
 .debug_aranges
                0x00000000       0x40 Drivers\STM32F3xx_HAL_Driver\Src\stm32f3xx_hal_pwr_ex.o
 .debug_ranges  0x00000000       0x30 Drivers\STM32F3xx_HAL_Driver\Src\stm32f3xx_hal_pwr_ex.o
 .debug_line    0x00000000      0x318 Drivers\STM32F3xx_HAL_Driver\Src\stm32f3xx_hal_pwr_ex.o
 .debug_str     0x00000000      0x7c5 Drivers\STM32F3xx_HAL_Driver\Src\stm32f3xx_hal_pwr_ex.o
 .comment       0x00000000       0x7d Drivers\STM32F3xx_HAL_Driver\Src\stm32f3xx_hal_pwr_ex.o
 .debug_frame   0x00000000       0xb4 Drivers\STM32F3xx_HAL_Driver\Src\stm32f3xx_hal_pwr_ex.o
 .ARM.attributes
                0x00000000       0x39 Drivers\STM32F3xx_HAL_Driver\Src\stm32f3xx_hal_pwr_ex.o
 .text          0x00000000        0x0 Drivers\STM32F3xx_HAL_Driver\Src\stm32f3xx_hal_rcc.o
 .data          0x00000000        0x0 Drivers\STM32F3xx_HAL_Driver\Src\stm32f3xx_hal_rcc.o
 .bss           0x00000000        0x0 Drivers\STM32F3xx_HAL_Driver\Src\stm32f3xx_hal_rcc.o
 .text.HAL_RCC_DeInit
                0x00000000      0x140 Drivers\STM32F3xx_HAL_Driver\Src\stm32f3xx_hal_rcc.o
 .text.HAL_RCC_MCOConfig
                0x00000000       0x68 Drivers\STM32F3xx_HAL_Driver\Src\stm32f3xx_hal_rcc.o
 .text.HAL_RCC_EnableCSS
                0x00000000       0x36 Drivers\STM32F3xx_HAL_Driver\Src\stm32f3xx_hal_rcc.o
 .text.HAL_RCC_DisableCSS
                0x00000000       0x36 Drivers\STM32F3xx_HAL_Driver\Src\stm32f3xx_hal_rcc.o
 .text.HAL_RCC_GetOscConfig
                0x00000000      0x118 Drivers\STM32F3xx_HAL_Driver\Src\stm32f3xx_hal_rcc.o
 .text.HAL_RCC_GetClockConfig
                0x00000000       0x64 Drivers\STM32F3xx_HAL_Driver\Src\stm32f3xx_hal_rcc.o
 .text.HAL_RCC_NMI_IRQHandler
                0x00000000       0x28 Drivers\STM32F3xx_HAL_Driver\Src\stm32f3xx_hal_rcc.o
 .text.HAL_RCC_CSSCallback
                0x00000000        0xe Drivers\STM32F3xx_HAL_Driver\Src\stm32f3xx_hal_rcc.o
 .text          0x00000000        0x0 Drivers\STM32F3xx_HAL_Driver\Src\stm32f3xx_hal_rcc_ex.o
 .data          0x00000000        0x0 Drivers\STM32F3xx_HAL_Driver\Src\stm32f3xx_hal_rcc_ex.o
 .bss           0x00000000        0x0 Drivers\STM32F3xx_HAL_Driver\Src\stm32f3xx_hal_rcc_ex.o
 .text.HAL_RCCEx_GetPeriphCLKConfig
                0x00000000      0x1d4 Drivers\STM32F3xx_HAL_Driver\Src\stm32f3xx_hal_rcc_ex.o
 .rodata        0x00000000       0x20 Drivers\STM32F3xx_HAL_Driver\Src\stm32f3xx_hal_rcc_ex.o
 .text.HAL_RCCEx_GetPeriphCLKFreq
                0x00000000      0x730 Drivers\STM32F3xx_HAL_Driver\Src\stm32f3xx_hal_rcc_ex.o
 .text.RCC_GetPLLCLKFreq
                0x00000000       0x80 Drivers\STM32F3xx_HAL_Driver\Src\stm32f3xx_hal_rcc_ex.o
 .text          0x00000000        0x0 Drivers\STM32F3xx_HAL_Driver\Src\stm32f3xx_hal_tim.o
 .data          0x00000000        0x0 Drivers\STM32F3xx_HAL_Driver\Src\stm32f3xx_hal_tim.o
 .bss           0x00000000        0x0 Drivers\STM32F3xx_HAL_Driver\Src\stm32f3xx_hal_tim.o
 .debug_info    0x00000000      0x980 Drivers\STM32F3xx_HAL_Driver\Src\stm32f3xx_hal_tim.o
 .debug_abbrev  0x00000000      0x174 Drivers\STM32F3xx_HAL_Driver\Src\stm32f3xx_hal_tim.o
 .debug_aranges
                0x00000000       0x18 Drivers\STM32F3xx_HAL_Driver\Src\stm32f3xx_hal_tim.o
 .debug_line    0x00000000      0x23a Drivers\STM32F3xx_HAL_Driver\Src\stm32f3xx_hal_tim.o
 .debug_str     0x00000000      0x6d8 Drivers\STM32F3xx_HAL_Driver\Src\stm32f3xx_hal_tim.o
 .comment       0x00000000       0x7d Drivers\STM32F3xx_HAL_Driver\Src\stm32f3xx_hal_tim.o
 .ARM.attributes
                0x00000000       0x39 Drivers\STM32F3xx_HAL_Driver\Src\stm32f3xx_hal_tim.o
 .text          0x00000000        0x0 Drivers\STM32F3xx_HAL_Driver\Src\stm32f3xx_hal_tim_ex.o
 .data          0x00000000        0x0 Drivers\STM32F3xx_HAL_Driver\Src\stm32f3xx_hal_tim_ex.o
 .bss           0x00000000        0x0 Drivers\STM32F3xx_HAL_Driver\Src\stm32f3xx_hal_tim_ex.o
 .debug_info    0x00000000      0x980 Drivers\STM32F3xx_HAL_Driver\Src\stm32f3xx_hal_tim_ex.o
 .debug_abbrev  0x00000000      0x174 Drivers\STM32F3xx_HAL_Driver\Src\stm32f3xx_hal_tim_ex.o
 .debug_aranges
                0x00000000       0x18 Drivers\STM32F3xx_HAL_Driver\Src\stm32f3xx_hal_tim_ex.o
 .debug_line    0x00000000      0x23a Drivers\STM32F3xx_HAL_Driver\Src\stm32f3xx_hal_tim_ex.o
 .debug_str     0x00000000      0x6db Drivers\STM32F3xx_HAL_Driver\Src\stm32f3xx_hal_tim_ex.o
 .comment       0x00000000       0x7d Drivers\STM32F3xx_HAL_Driver\Src\stm32f3xx_hal_tim_ex.o
 .ARM.attributes
                0x00000000       0x39 Drivers\STM32F3xx_HAL_Driver\Src\stm32f3xx_hal_tim_ex.o
 .text          0x00000000        0x0 Drivers\STM32F3xx_HAL_Driver\Src\stm32f3xx_hal_uart.o
 .data          0x00000000        0x0 Drivers\STM32F3xx_HAL_Driver\Src\stm32f3xx_hal_uart.o
 .bss           0x00000000        0x0 Drivers\STM32F3xx_HAL_Driver\Src\stm32f3xx_hal_uart.o
 .text.HAL_HalfDuplex_Init
                0x00000000       0xb2 Drivers\STM32F3xx_HAL_Driver\Src\stm32f3xx_hal_uart.o
 .text.HAL_LIN_Init
                0x00000000       0xe2 Drivers\STM32F3xx_HAL_Driver\Src\stm32f3xx_hal_uart.o
 .text.HAL_MultiProcessor_Init
                0x00000000       0xda Drivers\STM32F3xx_HAL_Driver\Src\stm32f3xx_hal_uart.o
 .text.HAL_UART_DeInit
                0x00000000       0x70 Drivers\STM32F3xx_HAL_Driver\Src\stm32f3xx_hal_uart.o
 .text.HAL_UART_MspInit
                0x00000000       0x14 Drivers\STM32F3xx_HAL_Driver\Src\stm32f3xx_hal_uart.o
 .text.HAL_UART_MspDeInit
                0x00000000       0x14 Drivers\STM32F3xx_HAL_Driver\Src\stm32f3xx_hal_uart.o
 .text.HAL_UART_Transmit
                0x00000000      0x11a Drivers\STM32F3xx_HAL_Driver\Src\stm32f3xx_hal_uart.o
 .text.HAL_UART_Receive
                0x00000000      0x186 Drivers\STM32F3xx_HAL_Driver\Src\stm32f3xx_hal_uart.o
 .text.HAL_UART_Transmit_IT
                0x00000000       0x8e Drivers\STM32F3xx_HAL_Driver\Src\stm32f3xx_hal_uart.o
 .text.HAL_UART_Receive_IT
                0x00000000      0x10e Drivers\STM32F3xx_HAL_Driver\Src\stm32f3xx_hal_uart.o
 .text.HAL_UART_Transmit_DMA
                0x00000000       0xd8 Drivers\STM32F3xx_HAL_Driver\Src\stm32f3xx_hal_uart.o
 .text.HAL_UART_Receive_DMA
                0x00000000       0xe8 Drivers\STM32F3xx_HAL_Driver\Src\stm32f3xx_hal_uart.o
 .text.HAL_UART_DMAPause
                0x00000000       0xa8 Drivers\STM32F3xx_HAL_Driver\Src\stm32f3xx_hal_uart.o
 .text.HAL_UART_DMAResume
                0x00000000       0x94 Drivers\STM32F3xx_HAL_Driver\Src\stm32f3xx_hal_uart.o
 .text.HAL_UART_DMAStop
                0x00000000       0x96 Drivers\STM32F3xx_HAL_Driver\Src\stm32f3xx_hal_uart.o
 .text.HAL_UART_Abort
                0x00000000       0xd0 Drivers\STM32F3xx_HAL_Driver\Src\stm32f3xx_hal_uart.o
 .text.HAL_UART_AbortTransmit
                0x00000000       0x6a Drivers\STM32F3xx_HAL_Driver\Src\stm32f3xx_hal_uart.o
 .text.HAL_UART_AbortReceive
                0x00000000       0x82 Drivers\STM32F3xx_HAL_Driver\Src\stm32f3xx_hal_uart.o
 .text.HAL_UART_Abort_IT
                0x00000000      0x154 Drivers\STM32F3xx_HAL_Driver\Src\stm32f3xx_hal_uart.o
 .text.HAL_UART_AbortTransmit_IT
                0x00000000       0xa4 Drivers\STM32F3xx_HAL_Driver\Src\stm32f3xx_hal_uart.o
 .text.HAL_UART_AbortReceive_IT
                0x00000000       0xc4 Drivers\STM32F3xx_HAL_Driver\Src\stm32f3xx_hal_uart.o
 .text.HAL_UART_IRQHandler
                0x00000000      0x244 Drivers\STM32F3xx_HAL_Driver\Src\stm32f3xx_hal_uart.o
 .text.HAL_UART_TxCpltCallback
                0x00000000       0x14 Drivers\STM32F3xx_HAL_Driver\Src\stm32f3xx_hal_uart.o
 .text.HAL_UART_TxHalfCpltCallback
                0x00000000       0x14 Drivers\STM32F3xx_HAL_Driver\Src\stm32f3xx_hal_uart.o
 .text.HAL_UART_RxCpltCallback
                0x00000000       0x14 Drivers\STM32F3xx_HAL_Driver\Src\stm32f3xx_hal_uart.o
 .text.HAL_UART_RxHalfCpltCallback
                0x00000000       0x14 Drivers\STM32F3xx_HAL_Driver\Src\stm32f3xx_hal_uart.o
 .text.HAL_UART_ErrorCallback
                0x00000000       0x14 Drivers\STM32F3xx_HAL_Driver\Src\stm32f3xx_hal_uart.o
 .text.HAL_UART_AbortCpltCallback
                0x00000000       0x14 Drivers\STM32F3xx_HAL_Driver\Src\stm32f3xx_hal_uart.o
 .text.HAL_UART_AbortTransmitCpltCallback
                0x00000000       0x14 Drivers\STM32F3xx_HAL_Driver\Src\stm32f3xx_hal_uart.o
 .text.HAL_UART_AbortReceiveCpltCallback
                0x00000000       0x14 Drivers\STM32F3xx_HAL_Driver\Src\stm32f3xx_hal_uart.o
 .text.HAL_MultiProcessor_EnableMuteMode
                0x00000000       0x4e Drivers\STM32F3xx_HAL_Driver\Src\stm32f3xx_hal_uart.o
 .text.HAL_MultiProcessor_DisableMuteMode
                0x00000000       0x4e Drivers\STM32F3xx_HAL_Driver\Src\stm32f3xx_hal_uart.o
 .text.HAL_MultiProcessor_EnterMuteMode
                0x00000000       0x24 Drivers\STM32F3xx_HAL_Driver\Src\stm32f3xx_hal_uart.o
 .text.HAL_HalfDuplex_EnableTransmitter
                0x00000000       0x64 Drivers\STM32F3xx_HAL_Driver\Src\stm32f3xx_hal_uart.o
 .text.HAL_HalfDuplex_EnableReceiver
                0x00000000       0x64 Drivers\STM32F3xx_HAL_Driver\Src\stm32f3xx_hal_uart.o
 .text.HAL_LIN_SendBreak
                0x00000000       0x54 Drivers\STM32F3xx_HAL_Driver\Src\stm32f3xx_hal_uart.o
 .text.HAL_UART_GetState
                0x00000000       0x3c Drivers\STM32F3xx_HAL_Driver\Src\stm32f3xx_hal_uart.o
 .text.HAL_UART_GetError
                0x00000000       0x18 Drivers\STM32F3xx_HAL_Driver\Src\stm32f3xx_hal_uart.o
 .text.UART_EndTxTransfer
                0x00000000       0x2c Drivers\STM32F3xx_HAL_Driver\Src\stm32f3xx_hal_uart.o
 .text.UART_EndRxTransfer
                0x00000000       0x3c Drivers\STM32F3xx_HAL_Driver\Src\stm32f3xx_hal_uart.o
 .text.UART_DMATransmitCplt
                0x00000000       0x54 Drivers\STM32F3xx_HAL_Driver\Src\stm32f3xx_hal_uart.o
 .text.UART_DMATxHalfCplt
                0x00000000       0x1c Drivers\STM32F3xx_HAL_Driver\Src\stm32f3xx_hal_uart.o
 .text.UART_DMAReceiveCplt
                0x00000000       0x6a Drivers\STM32F3xx_HAL_Driver\Src\stm32f3xx_hal_uart.o
 .text.UART_DMARxHalfCplt
                0x00000000       0x1c Drivers\STM32F3xx_HAL_Driver\Src\stm32f3xx_hal_uart.o
 .text.UART_DMAError
                0x00000000       0x78 Drivers\STM32F3xx_HAL_Driver\Src\stm32f3xx_hal_uart.o
 .text.UART_DMAAbortOnError
                0x00000000       0x2c Drivers\STM32F3xx_HAL_Driver\Src\stm32f3xx_hal_uart.o
 .text.UART_DMATxAbortCallback
                0x00000000       0x66 Drivers\STM32F3xx_HAL_Driver\Src\stm32f3xx_hal_uart.o
 .text.UART_DMARxAbortCallback
                0x00000000       0x66 Drivers\STM32F3xx_HAL_Driver\Src\stm32f3xx_hal_uart.o
 .text.UART_DMATxOnlyAbortCallback
                0x00000000       0x2c Drivers\STM32F3xx_HAL_Driver\Src\stm32f3xx_hal_uart.o
 .text.UART_DMARxOnlyAbortCallback
                0x00000000       0x34 Drivers\STM32F3xx_HAL_Driver\Src\stm32f3xx_hal_uart.o
 .text.UART_Transmit_IT
                0x00000000       0xb0 Drivers\STM32F3xx_HAL_Driver\Src\stm32f3xx_hal_uart.o
 .text.UART_EndTransmit_IT
                0x00000000       0x30 Drivers\STM32F3xx_HAL_Driver\Src\stm32f3xx_hal_uart.o
 .text.UART_Receive_IT
                0x00000000       0xd4 Drivers\STM32F3xx_HAL_Driver\Src\stm32f3xx_hal_uart.o
 .text.UART_Wakeup_AddressConfig
                0x00000000       0x44 Drivers\STM32F3xx_HAL_Driver\Src\stm32f3xx_hal_uart.o
 .text          0x00000000        0x0 Drivers\STM32F3xx_HAL_Driver\Src\stm32f3xx_hal_uart_ex.o
 .data          0x00000000        0x0 Drivers\STM32F3xx_HAL_Driver\Src\stm32f3xx_hal_uart_ex.o
 .bss           0x00000000        0x0 Drivers\STM32F3xx_HAL_Driver\Src\stm32f3xx_hal_uart_ex.o
 .text.HAL_RS485Ex_Init
                0x00000000       0xd8 Drivers\STM32F3xx_HAL_Driver\Src\stm32f3xx_hal_uart_ex.o
 .text.HAL_UARTEx_WakeupCallback
                0x00000000       0x14 Drivers\STM32F3xx_HAL_Driver\Src\stm32f3xx_hal_uart_ex.o
 .text.HAL_UARTEx_StopModeWakeUpSourceConfig
                0x00000000       0xba Drivers\STM32F3xx_HAL_Driver\Src\stm32f3xx_hal_uart_ex.o
 .text.HAL_UARTEx_EnableStopMode
                0x00000000       0x54 Drivers\STM32F3xx_HAL_Driver\Src\stm32f3xx_hal_uart_ex.o
 .text.HAL_UARTEx_DisableStopMode
                0x00000000       0x54 Drivers\STM32F3xx_HAL_Driver\Src\stm32f3xx_hal_uart_ex.o
 .text.HAL_MultiProcessorEx_AddressLength_Set
                0x00000000       0x60 Drivers\STM32F3xx_HAL_Driver\Src\stm32f3xx_hal_uart_ex.o
 .debug_info    0x00000000     0x1089 Drivers\STM32F3xx_HAL_Driver\Src\stm32f3xx_hal_uart_ex.o
 .debug_abbrev  0x00000000      0x236 Drivers\STM32F3xx_HAL_Driver\Src\stm32f3xx_hal_uart_ex.o
 .debug_aranges
                0x00000000       0x48 Drivers\STM32F3xx_HAL_Driver\Src\stm32f3xx_hal_uart_ex.o
 .debug_ranges  0x00000000       0x38 Drivers\STM32F3xx_HAL_Driver\Src\stm32f3xx_hal_uart_ex.o
 .debug_line    0x00000000      0x3d8 Drivers\STM32F3xx_HAL_Driver\Src\stm32f3xx_hal_uart_ex.o
 .debug_str     0x00000000      0xcbb Drivers\STM32F3xx_HAL_Driver\Src\stm32f3xx_hal_uart_ex.o
 .comment       0x00000000       0x7d Drivers\STM32F3xx_HAL_Driver\Src\stm32f3xx_hal_uart_ex.o
 .debug_frame   0x00000000       0xf8 Drivers\STM32F3xx_HAL_Driver\Src\stm32f3xx_hal_uart_ex.o
 .ARM.attributes
                0x00000000       0x39 Drivers\STM32F3xx_HAL_Driver\Src\stm32f3xx_hal_uart_ex.o
 .text          0x00000000        0x0 Src\main.o
 .data          0x00000000        0x0 Src\main.o
 .bss           0x00000000        0x0 Src\main.o
 .bss.futureFloor
                0x00000000        0x1 Src\main.o
 .text          0x00000000        0x0 Src\stm32f3xx_hal_msp.o
 .data          0x00000000        0x0 Src\stm32f3xx_hal_msp.o
 .bss           0x00000000        0x0 Src\stm32f3xx_hal_msp.o
 .text.HAL_CAN_MspDeInit
                0x00000000       0x40 Src\stm32f3xx_hal_msp.o
 .text.HAL_UART_MspDeInit
                0x00000000       0x38 Src\stm32f3xx_hal_msp.o
 .text          0x00000000        0x0 Src\stm32f3xx_it.o
 .data          0x00000000        0x0 Src\stm32f3xx_it.o
 .bss           0x00000000        0x0 Src\stm32f3xx_it.o
 .text          0x00000000        0x0 Src\syscalls.o
 .data          0x00000000        0x0 Src\syscalls.o
 .bss           0x00000000        0x0 Src\syscalls.o
 .bss.__env     0x00000000        0x4 Src\syscalls.o
 .data.environ  0x00000000        0x4 Src\syscalls.o
 .text.initialise_monitor_handles
                0x00000000        0xe Src\syscalls.o
 .text._getpid  0x00000000       0x10 Src\syscalls.o
 .text._kill    0x00000000       0x20 Src\syscalls.o
 .text._exit    0x00000000       0x14 Src\syscalls.o
 .text._read    0x00000000       0x3a Src\syscalls.o
 .text._write   0x00000000       0x38 Src\syscalls.o
 .bss.heap_end.7010
                0x00000000        0x4 Src\syscalls.o
 .text._sbrk    0x00000000       0x58 Src\syscalls.o
 .text._close   0x00000000       0x18 Src\syscalls.o
 .text._fstat   0x00000000       0x20 Src\syscalls.o
 .text._isatty  0x00000000       0x16 Src\syscalls.o
 .text._lseek   0x00000000       0x1a Src\syscalls.o
 .text._open    0x00000000       0x1c Src\syscalls.o
 .text._wait    0x00000000       0x1e Src\syscalls.o
 .text._unlink  0x00000000       0x1e Src\syscalls.o
 .text._times   0x00000000       0x18 Src\syscalls.o
 .text._stat    0x00000000       0x20 Src\syscalls.o
 .text._link    0x00000000       0x20 Src\syscalls.o
 .text._fork    0x00000000       0x16 Src\syscalls.o
 .text._execve  0x00000000       0x22 Src\syscalls.o
 .debug_info    0x00000000      0xf16 Src\syscalls.o
 .debug_abbrev  0x00000000      0x271 Src\syscalls.o
 .debug_aranges
                0x00000000       0xb0 Src\syscalls.o
 .debug_ranges  0x00000000       0xa0 Src\syscalls.o
 .debug_line    0x00000000      0x3d8 Src\syscalls.o
 .debug_str     0x00000000      0x852 Src\syscalls.o
 .comment       0x00000000       0x7d Src\syscalls.o
 .debug_frame   0x00000000      0x2d4 Src\syscalls.o
 .ARM.attributes
                0x00000000       0x39 Src\syscalls.o
 .text          0x00000000        0x0 Src\system_stm32f3xx.o
 .data          0x00000000        0x0 Src\system_stm32f3xx.o
 .bss           0x00000000        0x0 Src\system_stm32f3xx.o
 .text.SystemCoreClockUpdate
                0x00000000       0xd8 Src\system_stm32f3xx.o
 .text          0x00000000       0x14 startup\startup_stm32f303xe.o
 .data          0x00000000        0x0 startup\startup_stm32f303xe.o
 .bss           0x00000000        0x0 startup\startup_stm32f303xe.o
 .text          0x00000000        0x0 c:/program files (x86)/atollic/truestudio for stm32 9.3.0/armtools/bin/../lib/gcc/arm-atollic-eabi/6.3.1/../../../../arm-atollic-eabi/lib/armv7e-m/fpu\libc_nano.a(lib_a-errno.o)
 .data          0x00000000        0x0 c:/program files (x86)/atollic/truestudio for stm32 9.3.0/armtools/bin/../lib/gcc/arm-atollic-eabi/6.3.1/../../../../arm-atollic-eabi/lib/armv7e-m/fpu\libc_nano.a(lib_a-errno.o)
 .bss           0x00000000        0x0 c:/program files (x86)/atollic/truestudio for stm32 9.3.0/armtools/bin/../lib/gcc/arm-atollic-eabi/6.3.1/../../../../arm-atollic-eabi/lib/armv7e-m/fpu\libc_nano.a(lib_a-errno.o)
 .text.__errno  0x00000000        0xc c:/program files (x86)/atollic/truestudio for stm32 9.3.0/armtools/bin/../lib/gcc/arm-atollic-eabi/6.3.1/../../../../arm-atollic-eabi/lib/armv7e-m/fpu\libc_nano.a(lib_a-errno.o)
 .debug_frame   0x00000000       0x20 c:/program files (x86)/atollic/truestudio for stm32 9.3.0/armtools/bin/../lib/gcc/arm-atollic-eabi/6.3.1/../../../../arm-atollic-eabi/lib/armv7e-m/fpu\libc_nano.a(lib_a-errno.o)
 .ARM.attributes
                0x00000000       0x34 c:/program files (x86)/atollic/truestudio for stm32 9.3.0/armtools/bin/../lib/gcc/arm-atollic-eabi/6.3.1/../../../../arm-atollic-eabi/lib/armv7e-m/fpu\libc_nano.a(lib_a-errno.o)
 .text          0x00000000        0x0 c:/program files (x86)/atollic/truestudio for stm32 9.3.0/armtools/bin/../lib/gcc/arm-atollic-eabi/6.3.1/../../../../arm-atollic-eabi/lib/armv7e-m/fpu\libc_nano.a(lib_a-impure.o)
 .data          0x00000000        0x0 c:/program files (x86)/atollic/truestudio for stm32 9.3.0/armtools/bin/../lib/gcc/arm-atollic-eabi/6.3.1/../../../../arm-atollic-eabi/lib/armv7e-m/fpu\libc_nano.a(lib_a-impure.o)
 .bss           0x00000000        0x0 c:/program files (x86)/atollic/truestudio for stm32 9.3.0/armtools/bin/../lib/gcc/arm-atollic-eabi/6.3.1/../../../../arm-atollic-eabi/lib/armv7e-m/fpu\libc_nano.a(lib_a-impure.o)
 .data._impure_ptr
                0x00000000        0x4 c:/program files (x86)/atollic/truestudio for stm32 9.3.0/armtools/bin/../lib/gcc/arm-atollic-eabi/6.3.1/../../../../arm-atollic-eabi/lib/armv7e-m/fpu\libc_nano.a(lib_a-impure.o)
 .data.impure_data
                0x00000000       0x60 c:/program files (x86)/atollic/truestudio for stm32 9.3.0/armtools/bin/../lib/gcc/arm-atollic-eabi/6.3.1/../../../../arm-atollic-eabi/lib/armv7e-m/fpu\libc_nano.a(lib_a-impure.o)
 .rodata._global_impure_ptr
                0x00000000        0x4 c:/program files (x86)/atollic/truestudio for stm32 9.3.0/armtools/bin/../lib/gcc/arm-atollic-eabi/6.3.1/../../../../arm-atollic-eabi/lib/armv7e-m/fpu\libc_nano.a(lib_a-impure.o)
 .ARM.attributes
                0x00000000       0x34 c:/program files (x86)/atollic/truestudio for stm32 9.3.0/armtools/bin/../lib/gcc/arm-atollic-eabi/6.3.1/../../../../arm-atollic-eabi/lib/armv7e-m/fpu\libc_nano.a(lib_a-impure.o)
 .text          0x00000000        0x0 c:/program files (x86)/atollic/truestudio for stm32 9.3.0/armtools/bin/../lib/gcc/arm-atollic-eabi/6.3.1/../../../../arm-atollic-eabi/lib/armv7e-m/fpu\libc_nano.a(lib_a-init.o)
 .data          0x00000000        0x0 c:/program files (x86)/atollic/truestudio for stm32 9.3.0/armtools/bin/../lib/gcc/arm-atollic-eabi/6.3.1/../../../../arm-atollic-eabi/lib/armv7e-m/fpu\libc_nano.a(lib_a-init.o)
 .bss           0x00000000        0x0 c:/program files (x86)/atollic/truestudio for stm32 9.3.0/armtools/bin/../lib/gcc/arm-atollic-eabi/6.3.1/../../../../arm-atollic-eabi/lib/armv7e-m/fpu\libc_nano.a(lib_a-init.o)
 .text          0x00000000        0x0 c:/program files (x86)/atollic/truestudio for stm32 9.3.0/armtools/bin/../lib/gcc/arm-atollic-eabi/6.3.1/../../../../arm-atollic-eabi/lib/armv7e-m/fpu\libc_nano.a(lib_a-memset.o)
 .data          0x00000000        0x0 c:/program files (x86)/atollic/truestudio for stm32 9.3.0/armtools/bin/../lib/gcc/arm-atollic-eabi/6.3.1/../../../../arm-atollic-eabi/lib/armv7e-m/fpu\libc_nano.a(lib_a-memset.o)
 .bss           0x00000000        0x0 c:/program files (x86)/atollic/truestudio for stm32 9.3.0/armtools/bin/../lib/gcc/arm-atollic-eabi/6.3.1/../../../../arm-atollic-eabi/lib/armv7e-m/fpu\libc_nano.a(lib_a-memset.o)
 .text          0x00000000        0x0 c:/program files (x86)/atollic/truestudio for stm32 9.3.0/armtools/bin/../lib/gcc/arm-atollic-eabi/6.3.1/armv7e-m/fpu/crtend.o
 .data          0x00000000        0x0 c:/program files (x86)/atollic/truestudio for stm32 9.3.0/armtools/bin/../lib/gcc/arm-atollic-eabi/6.3.1/armv7e-m/fpu/crtend.o
 .bss           0x00000000        0x0 c:/program files (x86)/atollic/truestudio for stm32 9.3.0/armtools/bin/../lib/gcc/arm-atollic-eabi/6.3.1/armv7e-m/fpu/crtend.o
 .eh_frame      0x00000000        0x4 c:/program files (x86)/atollic/truestudio for stm32 9.3.0/armtools/bin/../lib/gcc/arm-atollic-eabi/6.3.1/armv7e-m/fpu/crtend.o
 .ARM.attributes
                0x00000000       0x34 c:/program files (x86)/atollic/truestudio for stm32 9.3.0/armtools/bin/../lib/gcc/arm-atollic-eabi/6.3.1/armv7e-m/fpu/crtend.o
 .text          0x00000000        0x0 c:/program files (x86)/atollic/truestudio for stm32 9.3.0/armtools/bin/../lib/gcc/arm-atollic-eabi/6.3.1/armv7e-m/fpu/crtn.o
 .data          0x00000000        0x0 c:/program files (x86)/atollic/truestudio for stm32 9.3.0/armtools/bin/../lib/gcc/arm-atollic-eabi/6.3.1/armv7e-m/fpu/crtn.o
 .bss           0x00000000        0x0 c:/program files (x86)/atollic/truestudio for stm32 9.3.0/armtools/bin/../lib/gcc/arm-atollic-eabi/6.3.1/armv7e-m/fpu/crtn.o

Memory Configuration

Name             Origin             Length             Attributes
RAM              0x20000000         0x00010000         xrw
CCMRAM           0x10000000         0x00004000         rw
FLASH            0x08000000         0x00080000         xr
*default*        0x00000000         0xffffffff

Linker script and memory map

LOAD c:/program files (x86)/atollic/truestudio for stm32 9.3.0/armtools/bin/../lib/gcc/arm-atollic-eabi/6.3.1/armv7e-m/fpu/crti.o
LOAD c:/program files (x86)/atollic/truestudio for stm32 9.3.0/armtools/bin/../lib/gcc/arm-atollic-eabi/6.3.1/armv7e-m/fpu/crtbegin.o
LOAD Drivers\STM32F3xx_HAL_Driver\Src\stm32f3xx_hal.o
LOAD Drivers\STM32F3xx_HAL_Driver\Src\stm32f3xx_hal_can.o
LOAD Drivers\STM32F3xx_HAL_Driver\Src\stm32f3xx_hal_cortex.o
LOAD Drivers\STM32F3xx_HAL_Driver\Src\stm32f3xx_hal_dma.o
LOAD Drivers\STM32F3xx_HAL_Driver\Src\stm32f3xx_hal_flash.o
LOAD Drivers\STM32F3xx_HAL_Driver\Src\stm32f3xx_hal_flash_ex.o
LOAD Drivers\STM32F3xx_HAL_Driver\Src\stm32f3xx_hal_gpio.o
LOAD Drivers\STM32F3xx_HAL_Driver\Src\stm32f3xx_hal_i2c.o
LOAD Drivers\STM32F3xx_HAL_Driver\Src\stm32f3xx_hal_i2c_ex.o
LOAD Drivers\STM32F3xx_HAL_Driver\Src\stm32f3xx_hal_pwr.o
LOAD Drivers\STM32F3xx_HAL_Driver\Src\stm32f3xx_hal_pwr_ex.o
LOAD Drivers\STM32F3xx_HAL_Driver\Src\stm32f3xx_hal_rcc.o
LOAD Drivers\STM32F3xx_HAL_Driver\Src\stm32f3xx_hal_rcc_ex.o
LOAD Drivers\STM32F3xx_HAL_Driver\Src\stm32f3xx_hal_tim.o
LOAD Drivers\STM32F3xx_HAL_Driver\Src\stm32f3xx_hal_tim_ex.o
LOAD Drivers\STM32F3xx_HAL_Driver\Src\stm32f3xx_hal_uart.o
LOAD Drivers\STM32F3xx_HAL_Driver\Src\stm32f3xx_hal_uart_ex.o
LOAD Src\main.o
LOAD Src\stm32f3xx_hal_msp.o
LOAD Src\stm32f3xx_it.o
LOAD Src\syscalls.o
LOAD Src\system_stm32f3xx.o
LOAD startup\startup_stm32f303xe.o
                0x00000080                malloc_getpagesize_P = 0x80
START GROUP
LOAD c:/program files (x86)/atollic/truestudio for stm32 9.3.0/armtools/bin/../lib/gcc/arm-atollic-eabi/6.3.1/../../../../arm-atollic-eabi/lib/armv7e-m/fpu\libc_nano.a
LOAD c:/program files (x86)/atollic/truestudio for stm32 9.3.0/armtools/bin/../lib/gcc/arm-atollic-eabi/6.3.1/../../../../arm-atollic-eabi/lib/armv7e-m/fpu\libm.a
END GROUP
START GROUP
LOAD c:/program files (x86)/atollic/truestudio for stm32 9.3.0/armtools/bin/../lib/gcc/arm-atollic-eabi/6.3.1/armv7e-m/fpu\libgcc.a
LOAD c:/program files (x86)/atollic/truestudio for stm32 9.3.0/armtools/bin/../lib/gcc/arm-atollic-eabi/6.3.1/../../../../arm-atollic-eabi/lib/armv7e-m/fpu\libc_nano.a
END GROUP
START GROUP
LOAD c:/program files (x86)/atollic/truestudio for stm32 9.3.0/armtools/bin/../lib/gcc/arm-atollic-eabi/6.3.1/armv7e-m/fpu\libgcc.a
LOAD c:/program files (x86)/atollic/truestudio for stm32 9.3.0/armtools/bin/../lib/gcc/arm-atollic-eabi/6.3.1/../../../../arm-atollic-eabi/lib/armv7e-m/fpu\libc_nano.a
LOAD c:/program files (x86)/atollic/truestudio for stm32 9.3.0/armtools/bin/../lib/gcc/arm-atollic-eabi/6.3.1/../../../../arm-atollic-eabi/lib/armv7e-m/fpu\libnosys.a
END GROUP
START GROUP
LOAD c:/program files (x86)/atollic/truestudio for stm32 9.3.0/armtools/bin/../lib/gcc/arm-atollic-eabi/6.3.1/armv7e-m/fpu\libgcc.a
LOAD c:/program files (x86)/atollic/truestudio for stm32 9.3.0/armtools/bin/../lib/gcc/arm-atollic-eabi/6.3.1/../../../../arm-atollic-eabi/lib/armv7e-m/fpu\libc_nano.a
LOAD c:/program files (x86)/atollic/truestudio for stm32 9.3.0/armtools/bin/../lib/gcc/arm-atollic-eabi/6.3.1/../../../../arm-atollic-eabi/lib/armv7e-m/fpu\libnosys.a
END GROUP
LOAD c:/program files (x86)/atollic/truestudio for stm32 9.3.0/armtools/bin/../lib/gcc/arm-atollic-eabi/6.3.1/armv7e-m/fpu/crtend.o
LOAD c:/program files (x86)/atollic/truestudio for stm32 9.3.0/armtools/bin/../lib/gcc/arm-atollic-eabi/6.3.1/armv7e-m/fpu/crtn.o
                0x20010000                _estack = 0x20010000
                0x00000200                _Min_Heap_Size = 0x200
                0x00000400                _Min_Stack_Size = 0x400

.isr_vector     0x08000000      0x194
                0x08000000                . = ALIGN (0x4)
 *(.isr_vector)
 .isr_vector    0x08000000      0x194 startup\startup_stm32f303xe.o
                0x08000000                g_pfnVectors
                0x08000194                . = ALIGN (0x4)

.text           0x08000194     0x3a20
                0x08000194                . = ALIGN (0x4)
 *(.text)
 .text          0x08000194       0x40 c:/program files (x86)/atollic/truestudio for stm32 9.3.0/armtools/bin/../lib/gcc/arm-atollic-eabi/6.3.1/armv7e-m/fpu/crtbegin.o
 *(.text*)
 .text.HAL_Init
                0x080001d4       0x2c Drivers\STM32F3xx_HAL_Driver\Src\stm32f3xx_hal.o
                0x080001d4                HAL_Init
 .text.HAL_InitTick
                0x08000200       0x60 Drivers\STM32F3xx_HAL_Driver\Src\stm32f3xx_hal.o
                0x08000200                HAL_InitTick
 .text.HAL_IncTick
                0x08000260       0x28 Drivers\STM32F3xx_HAL_Driver\Src\stm32f3xx_hal.o
                0x08000260                HAL_IncTick
 .text.HAL_GetTick
                0x08000288       0x18 Drivers\STM32F3xx_HAL_Driver\Src\stm32f3xx_hal.o
                0x08000288                HAL_GetTick
 .text.HAL_Delay
                0x080002a0       0x44 Drivers\STM32F3xx_HAL_Driver\Src\stm32f3xx_hal.o
                0x080002a0                HAL_Delay
 .text.HAL_CAN_Init
                0x080002e4      0x1f4 Drivers\STM32F3xx_HAL_Driver\Src\stm32f3xx_hal_can.o
                0x080002e4                HAL_CAN_Init
 .text.HAL_CAN_ConfigFilter
                0x080004d8      0x194 Drivers\STM32F3xx_HAL_Driver\Src\stm32f3xx_hal_can.o
                0x080004d8                HAL_CAN_ConfigFilter
 .text.HAL_CAN_Start
                0x0800066c       0x88 Drivers\STM32F3xx_HAL_Driver\Src\stm32f3xx_hal_can.o
                0x0800066c                HAL_CAN_Start
 .text.HAL_CAN_AddTxMessage
                0x080006f4      0x1ae Drivers\STM32F3xx_HAL_Driver\Src\stm32f3xx_hal_can.o
                0x080006f4                HAL_CAN_AddTxMessage
 .text.HAL_CAN_GetRxMessage
                0x080008a2      0x226 Drivers\STM32F3xx_HAL_Driver\Src\stm32f3xx_hal_can.o
                0x080008a2                HAL_CAN_GetRxMessage
 .text.HAL_CAN_ActivateNotification
                0x08000ac8       0x4c Drivers\STM32F3xx_HAL_Driver\Src\stm32f3xx_hal_can.o
                0x08000ac8                HAL_CAN_ActivateNotification
 .text.HAL_CAN_IRQHandler
                0x08000b14      0x362 Drivers\STM32F3xx_HAL_Driver\Src\stm32f3xx_hal_can.o
                0x08000b14                HAL_CAN_IRQHandler
 .text.HAL_CAN_TxMailbox0CompleteCallback
                0x08000e76       0x14 Drivers\STM32F3xx_HAL_Driver\Src\stm32f3xx_hal_can.o
                0x08000e76                HAL_CAN_TxMailbox0CompleteCallback
 .text.HAL_CAN_TxMailbox1CompleteCallback
                0x08000e8a       0x14 Drivers\STM32F3xx_HAL_Driver\Src\stm32f3xx_hal_can.o
                0x08000e8a                HAL_CAN_TxMailbox1CompleteCallback
 .text.HAL_CAN_TxMailbox2CompleteCallback
                0x08000e9e       0x14 Drivers\STM32F3xx_HAL_Driver\Src\stm32f3xx_hal_can.o
                0x08000e9e                HAL_CAN_TxMailbox2CompleteCallback
 .text.HAL_CAN_TxMailbox0AbortCallback
                0x08000eb2       0x14 Drivers\STM32F3xx_HAL_Driver\Src\stm32f3xx_hal_can.o
                0x08000eb2                HAL_CAN_TxMailbox0AbortCallback
 .text.HAL_CAN_TxMailbox1AbortCallback
                0x08000ec6       0x14 Drivers\STM32F3xx_HAL_Driver\Src\stm32f3xx_hal_can.o
                0x08000ec6                HAL_CAN_TxMailbox1AbortCallback
 .text.HAL_CAN_TxMailbox2AbortCallback
                0x08000eda       0x14 Drivers\STM32F3xx_HAL_Driver\Src\stm32f3xx_hal_can.o
                0x08000eda                HAL_CAN_TxMailbox2AbortCallback
 .text.HAL_CAN_RxFifo0FullCallback
                0x08000eee       0x14 Drivers\STM32F3xx_HAL_Driver\Src\stm32f3xx_hal_can.o
                0x08000eee                HAL_CAN_RxFifo0FullCallback
 .text.HAL_CAN_RxFifo1MsgPendingCallback
                0x08000f02       0x14 Drivers\STM32F3xx_HAL_Driver\Src\stm32f3xx_hal_can.o
                0x08000f02                HAL_CAN_RxFifo1MsgPendingCallback
 .text.HAL_CAN_RxFifo1FullCallback
                0x08000f16       0x14 Drivers\STM32F3xx_HAL_Driver\Src\stm32f3xx_hal_can.o
                0x08000f16                HAL_CAN_RxFifo1FullCallback
 .text.HAL_CAN_SleepCallback
                0x08000f2a       0x14 Drivers\STM32F3xx_HAL_Driver\Src\stm32f3xx_hal_can.o
                0x08000f2a                HAL_CAN_SleepCallback
 .text.HAL_CAN_WakeUpFromRxMsgCallback
                0x08000f3e       0x14 Drivers\STM32F3xx_HAL_Driver\Src\stm32f3xx_hal_can.o
                0x08000f3e                HAL_CAN_WakeUpFromRxMsgCallback
 .text.HAL_CAN_ErrorCallback
                0x08000f52       0x14 Drivers\STM32F3xx_HAL_Driver\Src\stm32f3xx_hal_can.o
                0x08000f52                HAL_CAN_ErrorCallback
 *fill*         0x08000f66        0x2 
 .text.NVIC_SetPriorityGrouping
                0x08000f68       0x48 Drivers\STM32F3xx_HAL_Driver\Src\stm32f3xx_hal_cortex.o
 .text.NVIC_GetPriorityGrouping
                0x08000fb0       0x1c Drivers\STM32F3xx_HAL_Driver\Src\stm32f3xx_hal_cortex.o
 .text.NVIC_EnableIRQ
                0x08000fcc       0x34 Drivers\STM32F3xx_HAL_Driver\Src\stm32f3xx_hal_cortex.o
 .text.NVIC_SetPriority
                0x08001000       0x54 Drivers\STM32F3xx_HAL_Driver\Src\stm32f3xx_hal_cortex.o
 .text.NVIC_EncodePriority
                0x08001054       0x62 Drivers\STM32F3xx_HAL_Driver\Src\stm32f3xx_hal_cortex.o
 *fill*         0x080010b6        0x2 
 .text.SysTick_Config
                0x080010b8       0x44 Drivers\STM32F3xx_HAL_Driver\Src\stm32f3xx_hal_cortex.o
 .text.HAL_NVIC_SetPriorityGrouping
                0x080010fc       0x16 Drivers\STM32F3xx_HAL_Driver\Src\stm32f3xx_hal_cortex.o
                0x080010fc                HAL_NVIC_SetPriorityGrouping
 .text.HAL_NVIC_SetPriority
                0x08001112       0x38 Drivers\STM32F3xx_HAL_Driver\Src\stm32f3xx_hal_cortex.o
                0x08001112                HAL_NVIC_SetPriority
 .text.HAL_NVIC_EnableIRQ
                0x0800114a       0x1c Drivers\STM32F3xx_HAL_Driver\Src\stm32f3xx_hal_cortex.o
                0x0800114a                HAL_NVIC_EnableIRQ
 .text.HAL_SYSTICK_Config
                0x08001166       0x18 Drivers\STM32F3xx_HAL_Driver\Src\stm32f3xx_hal_cortex.o
                0x08001166                HAL_SYSTICK_Config
 *fill*         0x0800117e        0x2 
 .text.HAL_GPIO_Init
                0x08001180      0x31c Drivers\STM32F3xx_HAL_Driver\Src\stm32f3xx_hal_gpio.o
                0x08001180                HAL_GPIO_Init
 .text.HAL_GPIO_WritePin
                0x0800149c       0x30 Drivers\STM32F3xx_HAL_Driver\Src\stm32f3xx_hal_gpio.o
                0x0800149c                HAL_GPIO_WritePin
 .text.HAL_GPIO_TogglePin
                0x080014cc       0x24 Drivers\STM32F3xx_HAL_Driver\Src\stm32f3xx_hal_gpio.o
                0x080014cc                HAL_GPIO_TogglePin
 .text.HAL_GPIO_EXTI_IRQHandler
                0x080014f0       0x30 Drivers\STM32F3xx_HAL_Driver\Src\stm32f3xx_hal_gpio.o
                0x080014f0                HAL_GPIO_EXTI_IRQHandler
 .text.HAL_RCC_OscConfig
                0x08001520      0xddc Drivers\STM32F3xx_HAL_Driver\Src\stm32f3xx_hal_rcc.o
                0x08001520                HAL_RCC_OscConfig
 .text.HAL_RCC_ClockConfig
                0x080022fc      0x2f8 Drivers\STM32F3xx_HAL_Driver\Src\stm32f3xx_hal_rcc.o
                0x080022fc                HAL_RCC_ClockConfig
 .text.HAL_RCC_GetSysClockFreq
                0x080025f4       0xd4 Drivers\STM32F3xx_HAL_Driver\Src\stm32f3xx_hal_rcc.o
                0x080025f4                HAL_RCC_GetSysClockFreq
 .text.HAL_RCC_GetHCLKFreq
                0x080026c8       0x18 Drivers\STM32F3xx_HAL_Driver\Src\stm32f3xx_hal_rcc.o
                0x080026c8                HAL_RCC_GetHCLKFreq
 .text.HAL_RCC_GetPCLK1Freq
                0x080026e0       0x44 Drivers\STM32F3xx_HAL_Driver\Src\stm32f3xx_hal_rcc.o
                0x080026e0                HAL_RCC_GetPCLK1Freq
 .text.HAL_RCC_GetPCLK2Freq
                0x08002724       0x44 Drivers\STM32F3xx_HAL_Driver\Src\stm32f3xx_hal_rcc.o
                0x08002724                HAL_RCC_GetPCLK2Freq
 .text.HAL_RCCEx_PeriphCLKConfig
                0x08002768      0x438 Drivers\STM32F3xx_HAL_Driver\Src\stm32f3xx_hal_rcc_ex.o
                0x08002768                HAL_RCCEx_PeriphCLKConfig
 .text.HAL_UART_Init
                0x08002ba0       0xa2 Drivers\STM32F3xx_HAL_Driver\Src\stm32f3xx_hal_uart.o
                0x08002ba0                HAL_UART_Init
 *fill*         0x08002c42        0x2 
 .text.UART_SetConfig
                0x08002c44      0x3fc Drivers\STM32F3xx_HAL_Driver\Src\stm32f3xx_hal_uart.o
                0x08002c44                UART_SetConfig
 .text.UART_AdvFeatureConfig
                0x08003040      0x144 Drivers\STM32F3xx_HAL_Driver\Src\stm32f3xx_hal_uart.o
                0x08003040                UART_AdvFeatureConfig
 .text.UART_CheckIdleState
                0x08003184       0x92 Drivers\STM32F3xx_HAL_Driver\Src\stm32f3xx_hal_uart.o
                0x08003184                UART_CheckIdleState
 .text.UART_WaitOnFlagUntilTimeout
                0x08003216       0x94 Drivers\STM32F3xx_HAL_Driver\Src\stm32f3xx_hal_uart.o
                0x08003216                UART_WaitOnFlagUntilTimeout
 *fill*         0x080032aa        0x2 
 .text.main     0x080032ac       0xd0 Src\main.o
                0x080032ac                main
 .text.SystemClock_Config
                0x0800337c       0xbc Src\main.o
                0x0800337c                SystemClock_Config
 .text.MX_CAN_Init
                0x08003438       0xfc Src\main.o
 .text.MX_USART2_UART_Init
                0x08003534       0x60 Src\main.o
 .text.MX_GPIO_Init
                0x08003594      0x15c Src\main.o
 .text.HAL_GPIO_EXTI_Callback
                0x080036f0       0x7c Src\main.o
                0x080036f0                HAL_GPIO_EXTI_Callback
 .text.HAL_CAN_RxFifo0MsgPendingCallback
                0x0800376c       0x30 Src\main.o
                0x0800376c                HAL_CAN_RxFifo0MsgPendingCallback
 .text.lightFloorLED
                0x0800379c       0x68 Src\main.o
                0x0800379c                lightFloorLED
 .text.lightOffSwitchLED
                0x08003804       0x48 Src\main.o
                0x08003804                lightOffSwitchLED
 .text.Error_Handler
                0x0800384c        0xe Src\main.o
                0x0800384c                Error_Handler
 *fill*         0x0800385a        0x2 
 .text.HAL_MspInit
                0x0800385c       0x48 Src\stm32f3xx_hal_msp.o
                0x0800385c                HAL_MspInit
 .text.HAL_CAN_MspInit
                0x080038a4       0x98 Src\stm32f3xx_hal_msp.o
                0x080038a4                HAL_CAN_MspInit
 .text.HAL_UART_MspInit
                0x0800393c       0x84 Src\stm32f3xx_hal_msp.o
                0x0800393c                HAL_UART_MspInit
 .text.NMI_Handler
                0x080039c0        0xe Src\stm32f3xx_it.o
                0x080039c0                NMI_Handler
 .text.HardFault_Handler
                0x080039ce        0x6 Src\stm32f3xx_it.o
                0x080039ce                HardFault_Handler
 .text.MemManage_Handler
                0x080039d4        0x6 Src\stm32f3xx_it.o
                0x080039d4                MemManage_Handler
 .text.BusFault_Handler
                0x080039da        0x6 Src\stm32f3xx_it.o
                0x080039da                BusFault_Handler
 .text.UsageFault_Handler
                0x080039e0        0x6 Src\stm32f3xx_it.o
                0x080039e0                UsageFault_Handler
 .text.SVC_Handler
                0x080039e6        0xe Src\stm32f3xx_it.o
                0x080039e6                SVC_Handler
 .text.DebugMon_Handler
                0x080039f4        0xe Src\stm32f3xx_it.o
                0x080039f4                DebugMon_Handler
 .text.PendSV_Handler
                0x08003a02        0xe Src\stm32f3xx_it.o
                0x08003a02                PendSV_Handler
 .text.SysTick_Handler
                0x08003a10        0xc Src\stm32f3xx_it.o
                0x08003a10                SysTick_Handler
 .text.USB_LP_CAN_RX0_IRQHandler
                0x08003a1c       0x14 Src\stm32f3xx_it.o
                0x08003a1c                USB_LP_CAN_RX0_IRQHandler
 .text.EXTI9_5_IRQHandler
                0x08003a30       0x1c Src\stm32f3xx_it.o
                0x08003a30                EXTI9_5_IRQHandler
 .text.EXTI15_10_IRQHandler
                0x08003a4c       0x10 Src\stm32f3xx_it.o
                0x08003a4c                EXTI15_10_IRQHandler
 .text.SystemInit
                0x08003a5c       0x94 Src\system_stm32f3xx.o
                0x08003a5c                SystemInit
 .text.Reset_Handler
                0x08003af0       0x50 startup\startup_stm32f303xe.o
                0x08003af0                Reset_Handler
 .text.Default_Handler
                0x08003b40        0x2 startup\startup_stm32f303xe.o
                0x08003b40                RTC_Alarm_IRQHandler
                0x08003b40                TIM8_TRG_COM_IRQHandler
                0x08003b40                TIM8_CC_IRQHandler
                0x08003b40                SPI4_IRQHandler
                0x08003b40                TIM1_CC_IRQHandler
                0x08003b40                USB_HP_IRQHandler
                0x08003b40                PVD_IRQHandler
                0x08003b40                TAMP_STAMP_IRQHandler
                0x08003b40                EXTI3_IRQHandler
                0x08003b40                I2C3_ER_IRQHandler
                0x08003b40                USB_HP_CAN_TX_IRQHandler
                0x08003b40                EXTI0_IRQHandler
                0x08003b40                I2C2_EV_IRQHandler
                0x08003b40                FPU_IRQHandler
                0x08003b40                TIM1_UP_TIM16_IRQHandler
                0x08003b40                ADC1_2_IRQHandler
                0x08003b40                SPI1_IRQHandler
                0x08003b40                CAN_SCE_IRQHandler
                0x08003b40                TIM6_DAC_IRQHandler
                0x08003b40                TIM8_UP_IRQHandler
                0x08003b40                DMA2_Channel2_IRQHandler
                0x08003b40                DMA1_Channel4_IRQHandler
                0x08003b40                TIM20_TRG_COM_IRQHandler
                0x08003b40                USART3_IRQHandler
                0x08003b40                DMA1_Channel7_IRQHandler
                0x08003b40                UART5_IRQHandler
                0x08003b40                ADC3_IRQHandler
                0x08003b40                TIM4_IRQHandler
                0x08003b40                CAN_RX1_IRQHandler
                0x08003b40                DMA2_Channel1_IRQHandler
                0x08003b40                I2C1_EV_IRQHandler
                0x08003b40                DMA1_Channel6_IRQHandler
                0x08003b40                UART4_IRQHandler
                0x08003b40                DMA2_Channel4_IRQHandler
                0x08003b40                TIM3_IRQHandler
                0x08003b40                RCC_IRQHandler
                0x08003b40                TIM20_UP_IRQHandler
                0x08003b40                DMA1_Channel1_IRQHandler
                0x08003b40                Default_Handler
                0x08003b40                USBWakeUp_RMP_IRQHandler
                0x08003b40                TIM7_IRQHandler
                0x08003b40                I2C3_EV_IRQHandler
                0x08003b40                RTC_WKUP_IRQHandler
                0x08003b40                SPI2_IRQHandler
                0x08003b40                DMA2_Channel5_IRQHandler
                0x08003b40                DMA1_Channel5_IRQHandler
                0x08003b40                USB_LP_IRQHandler
                0x08003b40                EXTI4_IRQHandler
                0x08003b40                TIM1_TRG_COM_TIM17_IRQHandler
                0x08003b40                DMA1_Channel3_IRQHandler
                0x08003b40                ADC4_IRQHandler
                0x08003b40                WWDG_IRQHandler
                0x08003b40                TIM2_IRQHandler
                0x08003b40                COMP7_IRQHandler
                0x08003b40                COMP1_2_3_IRQHandler
                0x08003b40                EXTI1_IRQHandler
                0x08003b40                USART2_IRQHandler
                0x08003b40                COMP4_5_6_IRQHandler
                0x08003b40                TIM20_BRK_IRQHandler
                0x08003b40                I2C2_ER_IRQHandler
                0x08003b40                DMA1_Channel2_IRQHandler
                0x08003b40                TIM8_BRK_IRQHandler
                0x08003b40                FLASH_IRQHandler
                0x08003b40                TIM20_CC_IRQHandler
                0x08003b40                USART1_IRQHandler
                0x08003b40                SPI3_IRQHandler
                0x08003b40                I2C1_ER_IRQHandler
                0x08003b40                FMC_IRQHandler
                0x08003b40                USBWakeUp_IRQHandler
                0x08003b40                DMA2_Channel3_IRQHandler
                0x08003b40                EXTI2_TSC_IRQHandler
                0x08003b40                TIM1_BRK_TIM15_IRQHandler
 *fill*         0x08003b42        0x2 
 .text.__libc_init_array
                0x08003b44       0x48 c:/program files (x86)/atollic/truestudio for stm32 9.3.0/armtools/bin/../lib/gcc/arm-atollic-eabi/6.3.1/../../../../arm-atollic-eabi/lib/armv7e-m/fpu\libc_nano.a(lib_a-init.o)
                0x08003b44                __libc_init_array
 .text.memset   0x08003b8c       0x10 c:/program files (x86)/atollic/truestudio for stm32 9.3.0/armtools/bin/../lib/gcc/arm-atollic-eabi/6.3.1/../../../../arm-atollic-eabi/lib/armv7e-m/fpu\libc_nano.a(lib_a-memset.o)
                0x08003b8c                memset
 *(.glue_7)
 .glue_7        0x08003b9c        0x0 linker stubs
 *(.glue_7t)
 .glue_7t       0x08003b9c        0x0 linker stubs
 *(.eh_frame)
 .eh_frame      0x08003b9c        0x0 c:/program files (x86)/atollic/truestudio for stm32 9.3.0/armtools/bin/../lib/gcc/arm-atollic-eabi/6.3.1/armv7e-m/fpu/crtbegin.o
 *(.init)
 .init          0x08003b9c        0x4 c:/program files (x86)/atollic/truestudio for stm32 9.3.0/armtools/bin/../lib/gcc/arm-atollic-eabi/6.3.1/armv7e-m/fpu/crti.o
                0x08003b9c                _init
 .init          0x08003ba0        0x8 c:/program files (x86)/atollic/truestudio for stm32 9.3.0/armtools/bin/../lib/gcc/arm-atollic-eabi/6.3.1/armv7e-m/fpu/crtn.o
 *(.fini)
 .fini          0x08003ba8        0x4 c:/program files (x86)/atollic/truestudio for stm32 9.3.0/armtools/bin/../lib/gcc/arm-atollic-eabi/6.3.1/armv7e-m/fpu/crti.o
                0x08003ba8                _fini
 .fini          0x08003bac        0x8 c:/program files (x86)/atollic/truestudio for stm32 9.3.0/armtools/bin/../lib/gcc/arm-atollic-eabi/6.3.1/armv7e-m/fpu/crtn.o
                0x08003bb4                . = ALIGN (0x4)
                0x08003bb4                _etext = .

.vfp11_veneer   0x08003bb4        0x0
 .vfp11_veneer  0x08003bb4        0x0 linker stubs

.v4_bx          0x08003bb4        0x0
 .v4_bx         0x08003bb4        0x0 linker stubs

.iplt           0x08003bb4        0x0
 .iplt          0x08003bb4        0x0 c:/program files (x86)/atollic/truestudio for stm32 9.3.0/armtools/bin/../lib/gcc/arm-atollic-eabi/6.3.1/armv7e-m/fpu/crtbegin.o

.rodata         0x08003bb4       0x38
                0x08003bb4                . = ALIGN (0x4)
 *(.rodata)
 *(.rodata*)
 .rodata.aPLLMULFactorTable
                0x08003bb4       0x10 Drivers\STM32F3xx_HAL_Driver\Src\stm32f3xx_hal_rcc.o
                0x08003bb4                aPLLMULFactorTable
 .rodata.aPredivFactorTable
                0x08003bc4       0x10 Drivers\STM32F3xx_HAL_Driver\Src\stm32f3xx_hal_rcc.o
                0x08003bc4                aPredivFactorTable
 .rodata.AHBPrescTable
                0x08003bd4       0x10 Src\system_stm32f3xx.o
                0x08003bd4                AHBPrescTable
 .rodata.APBPrescTable
                0x08003be4        0x8 Src\system_stm32f3xx.o
                0x08003be4                APBPrescTable
                0x08003bec                . = ALIGN (0x4)

.rel.dyn        0x08003bec        0x0
 .rel.iplt      0x08003bec        0x0 c:/program files (x86)/atollic/truestudio for stm32 9.3.0/armtools/bin/../lib/gcc/arm-atollic-eabi/6.3.1/armv7e-m/fpu/crtbegin.o

.ARM.extab
 *(.ARM.extab* .gnu.linkonce.armextab.*)

.ARM            0x08003bec        0x0
                0x08003bec                __exidx_start = .
 *(.ARM.exidx*)
                0x08003bec                __exidx_end = .

.preinit_array  0x08003bec        0x0
                0x08003bec                PROVIDE (__preinit_array_start, .)
 *(.preinit_array*)
                0x08003bec                PROVIDE (__preinit_array_end, .)

.init_array     0x08003bec        0x4
                0x08003bec                PROVIDE (__init_array_start, .)
 *(SORT(.init_array.*))
 *(.init_array*)
 .init_array    0x08003bec        0x4 c:/program files (x86)/atollic/truestudio for stm32 9.3.0/armtools/bin/../lib/gcc/arm-atollic-eabi/6.3.1/armv7e-m/fpu/crtbegin.o
                0x08003bf0                PROVIDE (__init_array_end, .)

.fini_array     0x08003bf0        0x4
                [!provide]                PROVIDE (__fini_array_start, .)
 *(SORT(.fini_array.*))
 *(.fini_array*)
 .fini_array    0x08003bf0        0x4 c:/program files (x86)/atollic/truestudio for stm32 9.3.0/armtools/bin/../lib/gcc/arm-atollic-eabi/6.3.1/armv7e-m/fpu/crtbegin.o
                [!provide]                PROVIDE (__fini_array_end, .)
                0x08003bf4                _sidata = LOADADDR (.data)

.data           0x20000000        0xc load address 0x08003bf4
                0x20000000                . = ALIGN (0x4)
                0x20000000                _sdata = .
 *(.data)
 *(.data*)
 .data.uwTickPrio
                0x20000000        0x4 Drivers\STM32F3xx_HAL_Driver\Src\stm32f3xx_hal.o
                0x20000000                uwTickPrio
 .data.uwTickFreq
                0x20000004        0x1 Drivers\STM32F3xx_HAL_Driver\Src\stm32f3xx_hal.o
                0x20000004                uwTickFreq
 .data.msg      0x20000005        0x1 Src\main.o
                0x20000005                msg
 *fill*         0x20000006        0x2 
 .data.SystemCoreClock
                0x20000008        0x4 Src\system_stm32f3xx.o
                0x20000008                SystemCoreClock
                0x2000000c                . = ALIGN (0x4)
                0x2000000c                _edata = .
                0x08003c00                _siccmram = LOADADDR (.ccmram)

.igot.plt       0x2000000c        0x0 load address 0x08003c00
 .igot.plt      0x2000000c        0x0 c:/program files (x86)/atollic/truestudio for stm32 9.3.0/armtools/bin/../lib/gcc/arm-atollic-eabi/6.3.1/armv7e-m/fpu/crtbegin.o

.ccmram         0x10000000        0x0 load address 0x08003c00
                0x10000000                . = ALIGN (0x4)
                0x10000000                _sccmram = .
 *(.ccmram)
 *(.ccmram*)
                0x10000000                . = ALIGN (0x4)
                0x10000000                _eccmram = .
                0x10000000                . = ALIGN (0x4)

.bss            0x2000000c      0x104
                0x2000000c                _sbss = .
                0x2000000c                __bss_start__ = _sbss
 *(.bss)
 .bss           0x2000000c       0x1c c:/program files (x86)/atollic/truestudio for stm32 9.3.0/armtools/bin/../lib/gcc/arm-atollic-eabi/6.3.1/armv7e-m/fpu/crtbegin.o
 *(.bss*)
 .bss.BUTTON    0x20000028        0x1 Src\main.o
                0x20000028                BUTTON
 .bss.currentFloor
                0x20000029        0x1 Src\main.o
                0x20000029                currentFloor
 *(COMMON)
 *fill*         0x2000002a        0x2 
 COMMON         0x2000002c        0x4 Drivers\STM32F3xx_HAL_Driver\Src\stm32f3xx_hal.o
                0x2000002c                uwTick
 COMMON         0x20000030       0xe0 Src\main.o
                0x20000030                hcan
                0x20000058                TxData
                0x20000060                TxMailbox
                0x20000064                RxData
                0x2000006c                huart2
                0x200000dc                TxHeader
                0x200000f4                RxHeader
                0x20000110                . = ALIGN (0x4)
                0x20000110                _ebss = .
                0x20000110                __bss_end__ = _ebss

._user_heap_stack
                0x20000110      0x600
                0x20000110                . = ALIGN (0x4)
                0x20000110                PROVIDE (end, .)
                [!provide]                PROVIDE (_end, .)
                0x20000310                . = (. + _Min_Heap_Size)
 *fill*         0x20000110      0x200 
                0x20000710                . = (. + _Min_Stack_Size)
 *fill*         0x20000310      0x400 
                0x20000710                . = ALIGN (0x4)

/DISCARD/
 libc.a(*)
 libm.a(*)
 libgcc.a(*)

.ARM.attributes
                0x00000000       0x30
 *(.ARM.attributes)
 .ARM.attributes
                0x00000000       0x22 c:/program files (x86)/atollic/truestudio for stm32 9.3.0/armtools/bin/../lib/gcc/arm-atollic-eabi/6.3.1/armv7e-m/fpu/crti.o
 .ARM.attributes
                0x00000022       0x34 c:/program files (x86)/atollic/truestudio for stm32 9.3.0/armtools/bin/../lib/gcc/arm-atollic-eabi/6.3.1/armv7e-m/fpu/crtbegin.o
 .ARM.attributes
                0x00000056       0x39 Drivers\STM32F3xx_HAL_Driver\Src\stm32f3xx_hal.o
 .ARM.attributes
                0x0000008f       0x39 Drivers\STM32F3xx_HAL_Driver\Src\stm32f3xx_hal_can.o
 .ARM.attributes
                0x000000c8       0x39 Drivers\STM32F3xx_HAL_Driver\Src\stm32f3xx_hal_cortex.o
 .ARM.attributes
                0x00000101       0x39 Drivers\STM32F3xx_HAL_Driver\Src\stm32f3xx_hal_gpio.o
 .ARM.attributes
                0x0000013a       0x39 Drivers\STM32F3xx_HAL_Driver\Src\stm32f3xx_hal_rcc.o
 .ARM.attributes
                0x00000173       0x39 Drivers\STM32F3xx_HAL_Driver\Src\stm32f3xx_hal_rcc_ex.o
 .ARM.attributes
                0x000001ac       0x39 Drivers\STM32F3xx_HAL_Driver\Src\stm32f3xx_hal_uart.o
 .ARM.attributes
                0x000001e5       0x39 Src\main.o
 .ARM.attributes
                0x0000021e       0x39 Src\stm32f3xx_hal_msp.o
 .ARM.attributes
                0x00000257       0x39 Src\stm32f3xx_it.o
 .ARM.attributes
                0x00000290       0x39 Src\system_stm32f3xx.o
 .ARM.attributes
                0x000002c9       0x21 startup\startup_stm32f303xe.o
 .ARM.attributes
                0x000002ea       0x34 c:/program files (x86)/atollic/truestudio for stm32 9.3.0/armtools/bin/../lib/gcc/arm-atollic-eabi/6.3.1/../../../../arm-atollic-eabi/lib/armv7e-m/fpu\libc_nano.a(lib_a-init.o)
 .ARM.attributes
                0x0000031e       0x34 c:/program files (x86)/atollic/truestudio for stm32 9.3.0/armtools/bin/../lib/gcc/arm-atollic-eabi/6.3.1/../../../../arm-atollic-eabi/lib/armv7e-m/fpu\libc_nano.a(lib_a-memset.o)
 .ARM.attributes
                0x00000352       0x22 c:/program files (x86)/atollic/truestudio for stm32 9.3.0/armtools/bin/../lib/gcc/arm-atollic-eabi/6.3.1/armv7e-m/fpu/crtn.o
OUTPUT(floor_node.elf elf32-littlearm)

.debug_info     0x00000000     0xe81c
 .debug_info    0x00000000     0x1015 Drivers\STM32F3xx_HAL_Driver\Src\stm32f3xx_hal.o
 .debug_info    0x00001015     0x17c7 Drivers\STM32F3xx_HAL_Driver\Src\stm32f3xx_hal_can.o
 .debug_info    0x000027dc     0x15ce Drivers\STM32F3xx_HAL_Driver\Src\stm32f3xx_hal_cortex.o
 .debug_info    0x00003daa      0xfde Drivers\STM32F3xx_HAL_Driver\Src\stm32f3xx_hal_gpio.o
 .debug_info    0x00004d88     0x1ffc Drivers\STM32F3xx_HAL_Driver\Src\stm32f3xx_hal_rcc.o
 .debug_info    0x00006d84      0xf23 Drivers\STM32F3xx_HAL_Driver\Src\stm32f3xx_hal_rcc_ex.o
 .debug_info    0x00007ca7     0x1c9a Drivers\STM32F3xx_HAL_Driver\Src\stm32f3xx_hal_uart.o
 .debug_info    0x00009941     0x1c78 Src\main.o
 .debug_info    0x0000b5b9     0x1764 Src\stm32f3xx_hal_msp.o
 .debug_info    0x0000cd1d      0xe1d Src\stm32f3xx_it.o
 .debug_info    0x0000db3a      0xc70 Src\system_stm32f3xx.o
 .debug_info    0x0000e7aa       0x72 startup\startup_stm32f303xe.o

.debug_abbrev   0x00000000     0x1c13
 .debug_abbrev  0x00000000      0x27e Drivers\STM32F3xx_HAL_Driver\Src\stm32f3xx_hal.o
 .debug_abbrev  0x0000027e      0x2d8 Drivers\STM32F3xx_HAL_Driver\Src\stm32f3xx_hal_can.o
 .debug_abbrev  0x00000556      0x33d Drivers\STM32F3xx_HAL_Driver\Src\stm32f3xx_hal_cortex.o
 .debug_abbrev  0x00000893      0x24c Drivers\STM32F3xx_HAL_Driver\Src\stm32f3xx_hal_gpio.o
 .debug_abbrev  0x00000adf      0x30f Drivers\STM32F3xx_HAL_Driver\Src\stm32f3xx_hal_rcc.o
 .debug_abbrev  0x00000dee      0x2c7 Drivers\STM32F3xx_HAL_Driver\Src\stm32f3xx_hal_rcc_ex.o
 .debug_abbrev  0x000010b5      0x271 Drivers\STM32F3xx_HAL_Driver\Src\stm32f3xx_hal_uart.o
 .debug_abbrev  0x00001326      0x2fc Src\main.o
 .debug_abbrev  0x00001622      0x21d Src\stm32f3xx_hal_msp.o
 .debug_abbrev  0x0000183f      0x1e0 Src\stm32f3xx_it.o
 .debug_abbrev  0x00001a1f      0x1e2 Src\system_stm32f3xx.o
 .debug_abbrev  0x00001c01       0x12 startup\startup_stm32f303xe.o

.debug_aranges  0x00000000      0x7a8
 .debug_aranges
                0x00000000       0xe0 Drivers\STM32F3xx_HAL_Driver\Src\stm32f3xx_hal.o
 .debug_aranges
                0x000000e0      0x138 Drivers\STM32F3xx_HAL_Driver\Src\stm32f3xx_hal_can.o
 .debug_aranges
                0x00000218      0x118 Drivers\STM32F3xx_HAL_Driver\Src\stm32f3xx_hal_cortex.o
 .debug_aranges
                0x00000330       0x58 Drivers\STM32F3xx_HAL_Driver\Src\stm32f3xx_hal_gpio.o
 .debug_aranges
                0x00000388       0x88 Drivers\STM32F3xx_HAL_Driver\Src\stm32f3xx_hal_rcc.o
 .debug_aranges
                0x00000410       0x38 Drivers\STM32F3xx_HAL_Driver\Src\stm32f3xx_hal_rcc_ex.o
 .debug_aranges
                0x00000448      0x1f0 Drivers\STM32F3xx_HAL_Driver\Src\stm32f3xx_hal_uart.o
 .debug_aranges
                0x00000638       0x68 Src\main.o
 .debug_aranges
                0x000006a0       0x40 Src\stm32f3xx_hal_msp.o
 .debug_aranges
                0x000006e0       0x78 Src\stm32f3xx_it.o
 .debug_aranges
                0x00000758       0x28 Src\system_stm32f3xx.o
 .debug_aranges
                0x00000780       0x28 startup\startup_stm32f303xe.o

.debug_ranges   0x00000000      0x6f0
 .debug_ranges  0x00000000       0xd0 Drivers\STM32F3xx_HAL_Driver\Src\stm32f3xx_hal.o
 .debug_ranges  0x000000d0      0x128 Drivers\STM32F3xx_HAL_Driver\Src\stm32f3xx_hal_can.o
 .debug_ranges  0x000001f8      0x108 Drivers\STM32F3xx_HAL_Driver\Src\stm32f3xx_hal_cortex.o
 .debug_ranges  0x00000300       0x48 Drivers\STM32F3xx_HAL_Driver\Src\stm32f3xx_hal_gpio.o
 .debug_ranges  0x00000348       0x78 Drivers\STM32F3xx_HAL_Driver\Src\stm32f3xx_hal_rcc.o
 .debug_ranges  0x000003c0       0x28 Drivers\STM32F3xx_HAL_Driver\Src\stm32f3xx_hal_rcc_ex.o
 .debug_ranges  0x000003e8      0x1e0 Drivers\STM32F3xx_HAL_Driver\Src\stm32f3xx_hal_uart.o
 .debug_ranges  0x000005c8       0x58 Src\main.o
 .debug_ranges  0x00000620       0x30 Src\stm32f3xx_hal_msp.o
 .debug_ranges  0x00000650       0x68 Src\stm32f3xx_it.o
 .debug_ranges  0x000006b8       0x18 Src\system_stm32f3xx.o
 .debug_ranges  0x000006d0       0x20 startup\startup_stm32f303xe.o

.debug_line     0x00000000     0x426d
 .debug_line    0x00000000      0x47a Drivers\STM32F3xx_HAL_Driver\Src\stm32f3xx_hal.o
 .debug_line    0x0000047a      0x775 Drivers\STM32F3xx_HAL_Driver\Src\stm32f3xx_hal_can.o
 .debug_line    0x00000bef      0x5c3 Drivers\STM32F3xx_HAL_Driver\Src\stm32f3xx_hal_cortex.o
 .debug_line    0x000011b2      0x480 Drivers\STM32F3xx_HAL_Driver\Src\stm32f3xx_hal_gpio.o
 .debug_line    0x00001632      0xa21 Drivers\STM32F3xx_HAL_Driver\Src\stm32f3xx_hal_rcc.o
 .debug_line    0x00002053      0x654 Drivers\STM32F3xx_HAL_Driver\Src\stm32f3xx_hal_rcc_ex.o
 .debug_line    0x000026a7      0xd3e Drivers\STM32F3xx_HAL_Driver\Src\stm32f3xx_hal_uart.o
 .debug_line    0x000033e5      0x48d Src\main.o
 .debug_line    0x00003872      0x362 Src\stm32f3xx_hal_msp.o
 .debug_line    0x00003bd4      0x36c Src\stm32f3xx_it.o
 .debug_line    0x00003f40      0x2ae Src\system_stm32f3xx.o
 .debug_line    0x000041ee       0x7f startup\startup_stm32f303xe.o

.debug_str      0x00000000     0x2e82
 .debug_str     0x00000000      0xdab Drivers\STM32F3xx_HAL_Driver\Src\stm32f3xx_hal.o
                                0xe4c (size before relaxing)
 .debug_str     0x00000dab      0x7f9 Drivers\STM32F3xx_HAL_Driver\Src\stm32f3xx_hal_can.o
                                0xf41 (size before relaxing)
 .debug_str     0x000015a4      0x403 Drivers\STM32F3xx_HAL_Driver\Src\stm32f3xx_hal_cortex.o
                               0x10af (size before relaxing)
 .debug_str     0x000019a7      0x23e Drivers\STM32F3xx_HAL_Driver\Src\stm32f3xx_hal_gpio.o
                                0x9c7 (size before relaxing)
 .debug_str     0x00001be5      0x2f7 Drivers\STM32F3xx_HAL_Driver\Src\stm32f3xx_hal_rcc.o
                                0xaff (size before relaxing)
 .debug_str     0x00001edc      0x2b9 Drivers\STM32F3xx_HAL_Driver\Src\stm32f3xx_hal_rcc_ex.o
                                0xa6c (size before relaxing)
 .debug_str     0x00002195      0xab6 Drivers\STM32F3xx_HAL_Driver\Src\stm32f3xx_hal_uart.o
                               0x12ab (size before relaxing)
 .debug_str     0x00002c4b       0xe4 Src\main.o
                               0x182d (size before relaxing)
 .debug_str     0x00002d2f       0x1b Src\stm32f3xx_hal_msp.o
                               0x1346 (size before relaxing)
 .debug_str     0x00002d4a       0xe8 Src\stm32f3xx_it.o
                                0xa3b (size before relaxing)
 .debug_str     0x00002e32       0x50 Src\system_stm32f3xx.o
                                0x7ab (size before relaxing)

.comment        0x00000000       0x7c
 .comment       0x00000000       0x7c Drivers\STM32F3xx_HAL_Driver\Src\stm32f3xx_hal.o
                                 0x7d (size before relaxing)
 .comment       0x0000007c       0x7d Drivers\STM32F3xx_HAL_Driver\Src\stm32f3xx_hal_can.o
 .comment       0x0000007c       0x7d Drivers\STM32F3xx_HAL_Driver\Src\stm32f3xx_hal_cortex.o
 .comment       0x0000007c       0x7d Drivers\STM32F3xx_HAL_Driver\Src\stm32f3xx_hal_gpio.o
 .comment       0x0000007c       0x7d Drivers\STM32F3xx_HAL_Driver\Src\stm32f3xx_hal_rcc.o
 .comment       0x0000007c       0x7d Drivers\STM32F3xx_HAL_Driver\Src\stm32f3xx_hal_rcc_ex.o
 .comment       0x0000007c       0x7d Drivers\STM32F3xx_HAL_Driver\Src\stm32f3xx_hal_uart.o
 .comment       0x0000007c       0x7d Src\main.o
 .comment       0x0000007c       0x7d Src\stm32f3xx_hal_msp.o
 .comment       0x0000007c       0x7d Src\stm32f3xx_it.o
 .comment       0x0000007c       0x7d Src\system_stm32f3xx.o

.debug_frame    0x00000000     0x1e80
 .debug_frame   0x00000000      0x334 Drivers\STM32F3xx_HAL_Driver\Src\stm32f3xx_hal.o
 .debug_frame   0x00000334      0x5a0 Drivers\STM32F3xx_HAL_Driver\Src\stm32f3xx_hal_can.o
 .debug_frame   0x000008d4      0x498 Drivers\STM32F3xx_HAL_Driver\Src\stm32f3xx_hal_cortex.o
 .debug_frame   0x00000d6c      0x14c Drivers\STM32F3xx_HAL_Driver\Src\stm32f3xx_hal_gpio.o
 .debug_frame   0x00000eb8      0x214 Drivers\STM32F3xx_HAL_Driver\Src\stm32f3xx_hal_rcc.o
 .debug_frame   0x000010cc       0xb4 Drivers\STM32F3xx_HAL_Driver\Src\stm32f3xx_hal_rcc_ex.o
 .debug_frame   0x00001180      0x8d4 Drivers\STM32F3xx_HAL_Driver\Src\stm32f3xx_hal_uart.o
 .debug_frame   0x00001a54      0x164 Src\main.o
 .debug_frame   0x00001bb8       0xc4 Src\stm32f3xx_hal_msp.o
 .debug_frame   0x00001c7c      0x160 Src\stm32f3xx_it.o
 .debug_frame   0x00001ddc       0x58 Src\system_stm32f3xx.o
 .debug_frame   0x00001e34       0x2c c:/program files (x86)/atollic/truestudio for stm32 9.3.0/armtools/bin/../lib/gcc/arm-atollic-eabi/6.3.1/../../../../arm-atollic-eabi/lib/armv7e-m/fpu\libc_nano.a(lib_a-init.o)
 .debug_frame   0x00001e60       0x20 c:/program files (x86)/atollic/truestudio for stm32 9.3.0/armtools/bin/../lib/gcc/arm-atollic-eabi/6.3.1/../../../../arm-atollic-eabi/lib/armv7e-m/fpu\libc_nano.a(lib_a-memset.o)
